###############################################################################
#
# IAR ELF Linker V8.40.2.214/W32 for ARM                  16/Jul/2021  22:44:40
# Copyright 2007-2019 IAR Systems AB.
#
#    Output file  =
#        C:\Users\ASUS\Desktop\AI_Vision\Project\IAR\program\nor_sdram_zf_dtcm\Exe\RT106X.out
#    Map file     =
#        C:\Users\ASUS\Desktop\AI_Vision\Project\IAR\program\nor_sdram_zf_dtcm\List\RT106X.map
#    Command line =
#        -f C:\Users\ASUS\AppData\Local\Temp\EW8074.tmp
#        (C:\Users\ASUS\Desktop\AI_Vision\Project\IAR\program\nor_sdram_zf_dtcm\Obj\Bluetooth.o
#        C:\Users\ASUS\Desktop\AI_Vision\Project\IAR\program\nor_sdram_zf_dtcm\Obj\board.o
#        C:\Users\ASUS\Desktop\AI_Vision\Project\IAR\program\nor_sdram_zf_dtcm\Obj\CH455.o
#        C:\Users\ASUS\Desktop\AI_Vision\Project\IAR\program\nor_sdram_zf_dtcm\Obj\clock_config.o
#        C:\Users\ASUS\Desktop\AI_Vision\Project\IAR\program\nor_sdram_zf_dtcm\Obj\common.o
#        C:\Users\ASUS\Desktop\AI_Vision\Project\IAR\program\nor_sdram_zf_dtcm\Obj\diskio.o
#        C:\Users\ASUS\Desktop\AI_Vision\Project\IAR\program\nor_sdram_zf_dtcm\Obj\Encoder.o
#        C:\Users\ASUS\Desktop\AI_Vision\Project\IAR\program\nor_sdram_zf_dtcm\Obj\evkmimxrt1064_flexspi_nor_config.o
#        C:\Users\ASUS\Desktop\AI_Vision\Project\IAR\program\nor_sdram_zf_dtcm\Obj\evkmimxrt1064_sdram_ini_dcd.o
#        C:\Users\ASUS\Desktop\AI_Vision\Project\IAR\program\nor_sdram_zf_dtcm\Obj\ff.o
#        C:\Users\ASUS\Desktop\AI_Vision\Project\IAR\program\nor_sdram_zf_dtcm\Obj\ffsystem.o
#        C:\Users\ASUS\Desktop\AI_Vision\Project\IAR\program\nor_sdram_zf_dtcm\Obj\ffunicode.o
#        C:\Users\ASUS\Desktop\AI_Vision\Project\IAR\program\nor_sdram_zf_dtcm\Obj\Flash.o
#        C:\Users\ASUS\Desktop\AI_Vision\Project\IAR\program\nor_sdram_zf_dtcm\Obj\fsl_adc.o
#        C:\Users\ASUS\Desktop\AI_Vision\Project\IAR\program\nor_sdram_zf_dtcm\Obj\fsl_adc_etc.o
#        C:\Users\ASUS\Desktop\AI_Vision\Project\IAR\program\nor_sdram_zf_dtcm\Obj\fsl_aipstz.o
#        C:\Users\ASUS\Desktop\AI_Vision\Project\IAR\program\nor_sdram_zf_dtcm\Obj\fsl_aoi.o
#        C:\Users\ASUS\Desktop\AI_Vision\Project\IAR\program\nor_sdram_zf_dtcm\Obj\fsl_assert.o
#        C:\Users\ASUS\Desktop\AI_Vision\Project\IAR\program\nor_sdram_zf_dtcm\Obj\fsl_bee.o
#        C:\Users\ASUS\Desktop\AI_Vision\Project\IAR\program\nor_sdram_zf_dtcm\Obj\fsl_cache.o
#        C:\Users\ASUS\Desktop\AI_Vision\Project\IAR\program\nor_sdram_zf_dtcm\Obj\fsl_clock.o
#        C:\Users\ASUS\Desktop\AI_Vision\Project\IAR\program\nor_sdram_zf_dtcm\Obj\fsl_cmp.o
#        C:\Users\ASUS\Desktop\AI_Vision\Project\IAR\program\nor_sdram_zf_dtcm\Obj\fsl_common.o
#        C:\Users\ASUS\Desktop\AI_Vision\Project\IAR\program\nor_sdram_zf_dtcm\Obj\fsl_csi.o
#        C:\Users\ASUS\Desktop\AI_Vision\Project\IAR\program\nor_sdram_zf_dtcm\Obj\fsl_dcdc.o
#        C:\Users\ASUS\Desktop\AI_Vision\Project\IAR\program\nor_sdram_zf_dtcm\Obj\fsl_dcp.o
#        C:\Users\ASUS\Desktop\AI_Vision\Project\IAR\program\nor_sdram_zf_dtcm\Obj\fsl_debug_console.o
#        C:\Users\ASUS\Desktop\AI_Vision\Project\IAR\program\nor_sdram_zf_dtcm\Obj\fsl_dmamux.o
#        C:\Users\ASUS\Desktop\AI_Vision\Project\IAR\program\nor_sdram_zf_dtcm\Obj\fsl_edma.o
#        C:\Users\ASUS\Desktop\AI_Vision\Project\IAR\program\nor_sdram_zf_dtcm\Obj\fsl_elcdif.o
#        C:\Users\ASUS\Desktop\AI_Vision\Project\IAR\program\nor_sdram_zf_dtcm\Obj\fsl_enc.o
#        C:\Users\ASUS\Desktop\AI_Vision\Project\IAR\program\nor_sdram_zf_dtcm\Obj\fsl_enet.o
#        C:\Users\ASUS\Desktop\AI_Vision\Project\IAR\program\nor_sdram_zf_dtcm\Obj\fsl_ewm.o
#        C:\Users\ASUS\Desktop\AI_Vision\Project\IAR\program\nor_sdram_zf_dtcm\Obj\fsl_flexcan.o
#        C:\Users\ASUS\Desktop\AI_Vision\Project\IAR\program\nor_sdram_zf_dtcm\Obj\fsl_flexio.o
#        C:\Users\ASUS\Desktop\AI_Vision\Project\IAR\program\nor_sdram_zf_dtcm\Obj\fsl_flexio_camera.o
#        C:\Users\ASUS\Desktop\AI_Vision\Project\IAR\program\nor_sdram_zf_dtcm\Obj\fsl_flexio_i2c_master.o
#        C:\Users\ASUS\Desktop\AI_Vision\Project\IAR\program\nor_sdram_zf_dtcm\Obj\fsl_flexio_i2s.o
#        C:\Users\ASUS\Desktop\AI_Vision\Project\IAR\program\nor_sdram_zf_dtcm\Obj\fsl_flexio_i2s_edma.o
#        C:\Users\ASUS\Desktop\AI_Vision\Project\IAR\program\nor_sdram_zf_dtcm\Obj\fsl_flexio_spi.o
#        C:\Users\ASUS\Desktop\AI_Vision\Project\IAR\program\nor_sdram_zf_dtcm\Obj\fsl_flexio_spi_edma.o
#        C:\Users\ASUS\Desktop\AI_Vision\Project\IAR\program\nor_sdram_zf_dtcm\Obj\fsl_flexio_uart.o
#        C:\Users\ASUS\Desktop\AI_Vision\Project\IAR\program\nor_sdram_zf_dtcm\Obj\fsl_flexio_uart_edma.o
#        C:\Users\ASUS\Desktop\AI_Vision\Project\IAR\program\nor_sdram_zf_dtcm\Obj\fsl_flexram.o
#        C:\Users\ASUS\Desktop\AI_Vision\Project\IAR\program\nor_sdram_zf_dtcm\Obj\fsl_flexspi.o
#        C:\Users\ASUS\Desktop\AI_Vision\Project\IAR\program\nor_sdram_zf_dtcm\Obj\fsl_flexspi_nor_boot.o
#        C:\Users\ASUS\Desktop\AI_Vision\Project\IAR\program\nor_sdram_zf_dtcm\Obj\fsl_gpc.o
#        C:\Users\ASUS\Desktop\AI_Vision\Project\IAR\program\nor_sdram_zf_dtcm\Obj\fsl_gpio.o
#        C:\Users\ASUS\Desktop\AI_Vision\Project\IAR\program\nor_sdram_zf_dtcm\Obj\fsl_gpt.o
#        C:\Users\ASUS\Desktop\AI_Vision\Project\IAR\program\nor_sdram_zf_dtcm\Obj\fsl_kpp.o
#        C:\Users\ASUS\Desktop\AI_Vision\Project\IAR\program\nor_sdram_zf_dtcm\Obj\fsl_lpi2c.o
#        C:\Users\ASUS\Desktop\AI_Vision\Project\IAR\program\nor_sdram_zf_dtcm\Obj\fsl_lpi2c_edma.o
#        C:\Users\ASUS\Desktop\AI_Vision\Project\IAR\program\nor_sdram_zf_dtcm\Obj\fsl_lpspi.o
#        C:\Users\ASUS\Desktop\AI_Vision\Project\IAR\program\nor_sdram_zf_dtcm\Obj\fsl_lpspi_edma.o
#        C:\Users\ASUS\Desktop\AI_Vision\Project\IAR\program\nor_sdram_zf_dtcm\Obj\fsl_lpuart.o
#        C:\Users\ASUS\Desktop\AI_Vision\Project\IAR\program\nor_sdram_zf_dtcm\Obj\fsl_lpuart_edma.o
#        C:\Users\ASUS\Desktop\AI_Vision\Project\IAR\program\nor_sdram_zf_dtcm\Obj\fsl_mmc.o
#        C:\Users\ASUS\Desktop\AI_Vision\Project\IAR\program\nor_sdram_zf_dtcm\Obj\fsl_notifier.o
#        C:\Users\ASUS\Desktop\AI_Vision\Project\IAR\program\nor_sdram_zf_dtcm\Obj\fsl_ocotp.o
#        C:\Users\ASUS\Desktop\AI_Vision\Project\IAR\program\nor_sdram_zf_dtcm\Obj\fsl_pit.o
#        C:\Users\ASUS\Desktop\AI_Vision\Project\IAR\program\nor_sdram_zf_dtcm\Obj\fsl_pmu.o
#        C:\Users\ASUS\Desktop\AI_Vision\Project\IAR\program\nor_sdram_zf_dtcm\Obj\fsl_pwm.o
#        C:\Users\ASUS\Desktop\AI_Vision\Project\IAR\program\nor_sdram_zf_dtcm\Obj\fsl_pxp.o
#        C:\Users\ASUS\Desktop\AI_Vision\Project\IAR\program\nor_sdram_zf_dtcm\Obj\fsl_qtmr.o
#        C:\Users\ASUS\Desktop\AI_Vision\Project\IAR\program\nor_sdram_zf_dtcm\Obj\fsl_rtwdog.o
#        C:\Users\ASUS\Desktop\AI_Vision\Project\IAR\program\nor_sdram_zf_dtcm\Obj\fsl_sai.o
#        C:\Users\ASUS\Desktop\AI_Vision\Project\IAR\program\nor_sdram_zf_dtcm\Obj\fsl_sai_edma.o
#        C:\Users\ASUS\Desktop\AI_Vision\Project\IAR\program\nor_sdram_zf_dtcm\Obj\fsl_sbrk.o
#        C:\Users\ASUS\Desktop\AI_Vision\Project\IAR\program\nor_sdram_zf_dtcm\Obj\fsl_sd.o
#        C:\Users\ASUS\Desktop\AI_Vision\Project\IAR\program\nor_sdram_zf_dtcm\Obj\fsl_sd_disk.o
#        C:\Users\ASUS\Desktop\AI_Vision\Project\IAR\program\nor_sdram_zf_dtcm\Obj\fsl_sdio.o
#        C:\Users\ASUS\Desktop\AI_Vision\Project\IAR\program\nor_sdram_zf_dtcm\Obj\fsl_sdmmc_common.o
#        C:\Users\ASUS\Desktop\AI_Vision\Project\IAR\program\nor_sdram_zf_dtcm\Obj\fsl_sdmmc_event.o
#        C:\Users\ASUS\Desktop\AI_Vision\Project\IAR\program\nor_sdram_zf_dtcm\Obj\fsl_sdmmc_host.o
#        C:\Users\ASUS\Desktop\AI_Vision\Project\IAR\program\nor_sdram_zf_dtcm\Obj\fsl_semc.o
#        C:\Users\ASUS\Desktop\AI_Vision\Project\IAR\program\nor_sdram_zf_dtcm\Obj\fsl_shell.o
#        C:\Users\ASUS\Desktop\AI_Vision\Project\IAR\program\nor_sdram_zf_dtcm\Obj\fsl_snvs_hp.o
#        C:\Users\ASUS\Desktop\AI_Vision\Project\IAR\program\nor_sdram_zf_dtcm\Obj\fsl_snvs_lp.o
#        C:\Users\ASUS\Desktop\AI_Vision\Project\IAR\program\nor_sdram_zf_dtcm\Obj\fsl_spdif.o
#        C:\Users\ASUS\Desktop\AI_Vision\Project\IAR\program\nor_sdram_zf_dtcm\Obj\fsl_spdif_edma.o
#        C:\Users\ASUS\Desktop\AI_Vision\Project\IAR\program\nor_sdram_zf_dtcm\Obj\fsl_src.o
#        C:\Users\ASUS\Desktop\AI_Vision\Project\IAR\program\nor_sdram_zf_dtcm\Obj\fsl_str.o
#        C:\Users\ASUS\Desktop\AI_Vision\Project\IAR\program\nor_sdram_zf_dtcm\Obj\fsl_tempmon.o
#        C:\Users\ASUS\Desktop\AI_Vision\Project\IAR\program\nor_sdram_zf_dtcm\Obj\fsl_trng.o
#        C:\Users\ASUS\Desktop\AI_Vision\Project\IAR\program\nor_sdram_zf_dtcm\Obj\fsl_tsc.o
#        C:\Users\ASUS\Desktop\AI_Vision\Project\IAR\program\nor_sdram_zf_dtcm\Obj\fsl_usdhc.o
#        C:\Users\ASUS\Desktop\AI_Vision\Project\IAR\program\nor_sdram_zf_dtcm\Obj\fsl_wdog.o
#        C:\Users\ASUS\Desktop\AI_Vision\Project\IAR\program\nor_sdram_zf_dtcm\Obj\fsl_xbara.o
#        C:\Users\ASUS\Desktop\AI_Vision\Project\IAR\program\nor_sdram_zf_dtcm\Obj\fsl_xbarb.o
#        C:\Users\ASUS\Desktop\AI_Vision\Project\IAR\program\nor_sdram_zf_dtcm\Obj\FuzzyControl.o
#        C:\Users\ASUS\Desktop\AI_Vision\Project\IAR\program\nor_sdram_zf_dtcm\Obj\generic_list.o
#        C:\Users\ASUS\Desktop\AI_Vision\Project\IAR\program\nor_sdram_zf_dtcm\Obj\Image.o
#        C:\Users\ASUS\Desktop\AI_Vision\Project\IAR\program\nor_sdram_zf_dtcm\Obj\init.o
#        C:\Users\ASUS\Desktop\AI_Vision\Project\IAR\program\nor_sdram_zf_dtcm\Obj\isr.o
#        C:\Users\ASUS\Desktop\AI_Vision\Project\IAR\program\nor_sdram_zf_dtcm\Obj\lpuart_adapter.o
#        C:\Users\ASUS\Desktop\AI_Vision\Project\IAR\program\nor_sdram_zf_dtcm\Obj\main.o
#        C:\Users\ASUS\Desktop\AI_Vision\Project\IAR\program\nor_sdram_zf_dtcm\Obj\Matrix_Keyboard.o
#        C:\Users\ASUS\Desktop\AI_Vision\Project\IAR\program\nor_sdram_zf_dtcm\Obj\Motor.o
#        C:\Users\ASUS\Desktop\AI_Vision\Project\IAR\program\nor_sdram_zf_dtcm\Obj\OLED_IIC.o
#        C:\Users\ASUS\Desktop\AI_Vision\Project\IAR\program\nor_sdram_zf_dtcm\Obj\openart.o
#        C:\Users\ASUS\Desktop\AI_Vision\Project\IAR\program\nor_sdram_zf_dtcm\Obj\Pid.o
#        C:\Users\ASUS\Desktop\AI_Vision\Project\IAR\program\nor_sdram_zf_dtcm\Obj\pin_mux.o
#        C:\Users\ASUS\Desktop\AI_Vision\Project\IAR\program\nor_sdram_zf_dtcm\Obj\SEEKFREE_18TFT.o
#        C:\Users\ASUS\Desktop\AI_Vision\Project\IAR\program\nor_sdram_zf_dtcm\Obj\SEEKFREE_FONT.o
#        C:\Users\ASUS\Desktop\AI_Vision\Project\IAR\program\nor_sdram_zf_dtcm\Obj\SEEKFREE_FUN.o
#        C:\Users\ASUS\Desktop\AI_Vision\Project\IAR\program\nor_sdram_zf_dtcm\Obj\SEEKFREE_ICM20602.o
#        C:\Users\ASUS\Desktop\AI_Vision\Project\IAR\program\nor_sdram_zf_dtcm\Obj\SEEKFREE_IIC.o
#        C:\Users\ASUS\Desktop\AI_Vision\Project\IAR\program\nor_sdram_zf_dtcm\Obj\SEEKFREE_IPS114_SPI.o
#        C:\Users\ASUS\Desktop\AI_Vision\Project\IAR\program\nor_sdram_zf_dtcm\Obj\SEEKFREE_IPS200_PARALLEL8.o
#        C:\Users\ASUS\Desktop\AI_Vision\Project\IAR\program\nor_sdram_zf_dtcm\Obj\SEEKFREE_L3G4200D.o
#        C:\Users\ASUS\Desktop\AI_Vision\Project\IAR\program\nor_sdram_zf_dtcm\Obj\SEEKFREE_MMA8451.o
#        C:\Users\ASUS\Desktop\AI_Vision\Project\IAR\program\nor_sdram_zf_dtcm\Obj\SEEKFREE_MPU6050.o
#        C:\Users\ASUS\Desktop\AI_Vision\Project\IAR\program\nor_sdram_zf_dtcm\Obj\SEEKFREE_MT9V03X.o
#        C:\Users\ASUS\Desktop\AI_Vision\Project\IAR\program\nor_sdram_zf_dtcm\Obj\SEEKFREE_MT9V03X_CSI.o
#        C:\Users\ASUS\Desktop\AI_Vision\Project\IAR\program\nor_sdram_zf_dtcm\Obj\SEEKFREE_NRF24L01.o
#        C:\Users\ASUS\Desktop\AI_Vision\Project\IAR\program\nor_sdram_zf_dtcm\Obj\SEEKFREE_OLED.o
#        C:\Users\ASUS\Desktop\AI_Vision\Project\IAR\program\nor_sdram_zf_dtcm\Obj\SEEKFREE_PRINTF.o
#        C:\Users\ASUS\Desktop\AI_Vision\Project\IAR\program\nor_sdram_zf_dtcm\Obj\SEEKFREE_SCC8660.o
#        C:\Users\ASUS\Desktop\AI_Vision\Project\IAR\program\nor_sdram_zf_dtcm\Obj\SEEKFREE_SCC8660_CSI.o
#        C:\Users\ASUS\Desktop\AI_Vision\Project\IAR\program\nor_sdram_zf_dtcm\Obj\SEEKFREE_VIRSCO.o
#        C:\Users\ASUS\Desktop\AI_Vision\Project\IAR\program\nor_sdram_zf_dtcm\Obj\SEEKFREE_W25QXXJV.o
#        C:\Users\ASUS\Desktop\AI_Vision\Project\IAR\program\nor_sdram_zf_dtcm\Obj\SEEKFREE_WIRELESS.o
#        C:\Users\ASUS\Desktop\AI_Vision\Project\IAR\program\nor_sdram_zf_dtcm\Obj\serial_manager.o
#        C:\Users\ASUS\Desktop\AI_Vision\Project\IAR\program\nor_sdram_zf_dtcm\Obj\serial_port_uart.o
#        C:\Users\ASUS\Desktop\AI_Vision\Project\IAR\program\nor_sdram_zf_dtcm\Obj\Servo.o
#        C:\Users\ASUS\Desktop\AI_Vision\Project\IAR\program\nor_sdram_zf_dtcm\Obj\startup_MIMXRT1064.o
#        C:\Users\ASUS\Desktop\AI_Vision\Project\IAR\program\nor_sdram_zf_dtcm\Obj\system_MIMXRT1064.o
#        C:\Users\ASUS\Desktop\AI_Vision\Project\IAR\program\nor_sdram_zf_dtcm\Obj\TFmini.o
#        C:\Users\ASUS\Desktop\AI_Vision\Project\IAR\program\nor_sdram_zf_dtcm\Obj\usb_device_cdc_acm.o
#        C:\Users\ASUS\Desktop\AI_Vision\Project\IAR\program\nor_sdram_zf_dtcm\Obj\usb_device_ch9.o
#        C:\Users\ASUS\Desktop\AI_Vision\Project\IAR\program\nor_sdram_zf_dtcm\Obj\usb_device_class.o
#        C:\Users\ASUS\Desktop\AI_Vision\Project\IAR\program\nor_sdram_zf_dtcm\Obj\usb_device_dci.o
#        C:\Users\ASUS\Desktop\AI_Vision\Project\IAR\program\nor_sdram_zf_dtcm\Obj\usb_device_descriptor.o
#        C:\Users\ASUS\Desktop\AI_Vision\Project\IAR\program\nor_sdram_zf_dtcm\Obj\usb_device_ehci.o
#        C:\Users\ASUS\Desktop\AI_Vision\Project\IAR\program\nor_sdram_zf_dtcm\Obj\usb_phy.o
#        C:\Users\ASUS\Desktop\AI_Vision\Project\IAR\program\nor_sdram_zf_dtcm\Obj\zf_adc.o
#        C:\Users\ASUS\Desktop\AI_Vision\Project\IAR\program\nor_sdram_zf_dtcm\Obj\zf_camera.o
#        C:\Users\ASUS\Desktop\AI_Vision\Project\IAR\program\nor_sdram_zf_dtcm\Obj\zf_csi.o
#        C:\Users\ASUS\Desktop\AI_Vision\Project\IAR\program\nor_sdram_zf_dtcm\Obj\zf_flash.o
#        C:\Users\ASUS\Desktop\AI_Vision\Project\IAR\program\nor_sdram_zf_dtcm\Obj\zf_gpio.o
#        C:\Users\ASUS\Desktop\AI_Vision\Project\IAR\program\nor_sdram_zf_dtcm\Obj\zf_iic.o
#        C:\Users\ASUS\Desktop\AI_Vision\Project\IAR\program\nor_sdram_zf_dtcm\Obj\zf_iomuxc.o
#        C:\Users\ASUS\Desktop\AI_Vision\Project\IAR\program\nor_sdram_zf_dtcm\Obj\zf_pit.o
#        C:\Users\ASUS\Desktop\AI_Vision\Project\IAR\program\nor_sdram_zf_dtcm\Obj\zf_pwm.o
#        C:\Users\ASUS\Desktop\AI_Vision\Project\IAR\program\nor_sdram_zf_dtcm\Obj\zf_qtimer.o
#        C:\Users\ASUS\Desktop\AI_Vision\Project\IAR\program\nor_sdram_zf_dtcm\Obj\zf_rom_api.o
#        C:\Users\ASUS\Desktop\AI_Vision\Project\IAR\program\nor_sdram_zf_dtcm\Obj\zf_sdcard.o
#        C:\Users\ASUS\Desktop\AI_Vision\Project\IAR\program\nor_sdram_zf_dtcm\Obj\zf_spi.o
#        C:\Users\ASUS\Desktop\AI_Vision\Project\IAR\program\nor_sdram_zf_dtcm\Obj\zf_systick.o
#        C:\Users\ASUS\Desktop\AI_Vision\Project\IAR\program\nor_sdram_zf_dtcm\Obj\zf_uart.o
#        C:\Users\ASUS\Desktop\AI_Vision\Project\IAR\program\nor_sdram_zf_dtcm\Obj\zf_usb_cdc.o
#        C:\Users\ASUS\Desktop\AI_Vision\Project\IAR\program\nor_sdram_zf_dtcm\Obj\zf_vector.o
#        --no_out_extension -o
#        C:\Users\ASUS\Desktop\AI_Vision\Project\IAR\program\nor_sdram_zf_dtcm\Exe\RT106X.out
#        --map
#        C:\Users\ASUS\Desktop\AI_Vision\Project\IAR\program\nor_sdram_zf_dtcm\List\RT106X.map
#        --config
#        C:\Users\ASUS\Desktop\AI_Vision\Project\IAR\program\..\..\IAR\icf\MIMXRT1064xxxxx_flexspi_nor.icf
#        --semihosting --entry __iar_program_start --vfe --text_out locale)
#
###############################################################################

*******************************************************************************
*** RUNTIME MODEL ATTRIBUTES
***

CppFlavor       = *
__Heap_Handler  = DLMalloc
__SystemLibrary = DLib
__dlib_version  = 6


*******************************************************************************
*** HEAP SELECTION
***

The advanced heap was selected because the application calls memory
allocation functions outside of system library functions, and there
are calls to deallocation functions in the application.


*******************************************************************************
*** PLACEMENT SUMMARY
***

"A0":  place at address 0x7000'2000 { ro section .intvec };
"A2":  place at address 0x7000'0000 { section .boot_hdr.conf };
"A3":  place at address 0x7000'1000 { section .boot_hdr.ivt };
"A4":  place at address 0x7000'1020 { ro section .boot_hdr.boot_data };
"A5":  place at address 0x7000'1030 { ro section .boot_hdr.dcd_data };
"P1":  place in [from 0x7000'2000 to 0x7000'23ff] |
                [from 0x7000'2400 to 0x703f'ffff] { ro };
define block RW { first rw, section m_usb_dma_init_data };
"P2":  place in [from 0x8000'0000 to 0x8000'03ff] |
                [from 0x8000'0400 to 0x81df'ffff] { block RW };
define block SDRAM_VAR
   with alignment = 8 { section SDRAM_CACHE, section SDRAM_CACHE.init };
"P11": place in [from 0x8000'0000 to 0x8000'03ff] |
                [from 0x8000'0400 to 0x81df'ffff] { block SDRAM_VAR };
define block ZI
   with alignment = 32 { first zi, section m_usb_dma_noninit_data };
"P3":  place in [from 0x2000'0000 to 0x2006'efff] { block ZI };
"P4":  place in [from 0x2000'0000 to 0x2006'efff] { section .data };
"P5":  place in [from 0x2000'0000 to 0x2006'efff] { section .textrw };
define block DTCM_VAR
   with alignment = 8 { section NonCacheable, section NonCacheable.init };
"P9":  place in [from 0x2000'0000 to 0x2006'efff] { block DTCM_VAR };
define block CSTACK with size = 4K, alignment = 8 { };
"P7":  place in [from 0x2006'f000 to 0x2006'ffff] { block CSTACK };
define block OCRAM_VAR
   with alignment = 8 { section OCRAM_CACHE, section OCRAM_CACHE.init };
"P10": place in [from 0x2020'0000 to 0x2027'ffff] { block OCRAM_VAR };
initialize by copy { rw, section .textrw };
initialize by copy { ro }
   except {
      ro section .intvec, ro object system_MIMXRT1064.o,
      ro object startup_MIMXRT1064.o, section .boot_hdr.conf,
      section .boot_hdr.ivt, section .boot_hdr.boot_data,
      section .boot_hdr.dcd_data };
keep {
   section .boot_hdr.conf, section .boot_hdr.ivt, section .boot_hdr.boot_data,
   section .boot_hdr.dcd_data };

No sections matched the following patterns:

  section .intvec_RAM              in "A1"
  section .textrw                  in "P3-P5|P9"
  section ITCM_NonCacheable        in block ITCM_VAR
  section ITCM_NonCacheable.init   in block ITCM_VAR
  section NonCacheable.init        in block DTCM_VAR
  section OCRAM_CACHE.init         in block OCRAM_VAR
  section SDRAM_CACHE              in block SDRAM_VAR
  section SDRAM_CACHE.init         in block SDRAM_VAR
  section SDRAM_NonCacheable       in block SDRAM_NCACHE_VAR
  section SDRAM_NonCacheable.init  in block SDRAM_NCACHE_VAR
  section m_usb_dma_init_data      in block RW
  section m_usb_dma_noninit_data   in block ZI


  Section              Kind         Address      Size  Object
  -------              ----         -------      ----  ------
"P3-P5|P9", part 1 of 2:                        0x245
  P3-P5|P9 s0                   0x2000'0000     0x245  <Init block>
    .data              inited   0x2000'0000      0xc8  Flash.o [1]
    .data              inited   0x2000'00c8      0x64  FuzzyControl.o [1]
    .data              inited   0x2000'012c      0x28  zf_gpio.o [1]
    .data              inited   0x2000'0154      0x24  SEEKFREE_MT9V03X_CSI.o [1]
    .data              inited   0x2000'0178      0x24  zf_uart.o [1]
    .data              inited   0x2000'019c      0x20  SEEKFREE_MT9V03X_CSI.o [1]
    .data              inited   0x2000'01bc      0x14  zf_pwm.o [1]
    .data              inited   0x2000'01d0      0x14  zf_qtimer.o [1]
    .data              inited   0x2000'01e4      0x14  zf_spi.o [1]
    .data              inited   0x2000'01f8      0x10  FuzzyControl.o [1]
    .data              inited   0x2000'0208      0x10  FuzzyControl.o [1]
    .data              inited   0x2000'0218      0x10  FuzzyControl.o [1]
    .data              inited   0x2000'0228       0x4  FuzzyControl.o [1]
    .data              inited   0x2000'022c       0x4  Motor.o [1]
    .data              inited   0x2000'0230       0x4  Motor.o [1]
    .data              inited   0x2000'0234       0x4  Motor.o [1]
    .data              inited   0x2000'0238       0x4  Motor.o [1]
    .data              inited   0x2000'023c       0x4  system_MIMXRT1064.o [1]
    .data              inited   0x2000'0240       0x4  zf_flash.o [1]
    .data              inited   0x2000'0244       0x1  Image.o [1]
                              - 0x2000'0245     0x245

"P3-P5|P9", part 2 of 2:                     0x1'6310
  DTCM_VAR                      0x2000'0280    0xbc58  <Block>
    NonCacheable       zero     0x2000'0280    0x3200  SEEKFREE_MT9V03X_CSI.o [1]
    NonCacheable       zero     0x2000'3480    0x3200  SEEKFREE_MT9V03X_CSI.o [1]
    NonCacheable       zero     0x2000'6680    0x5820  SEEKFREE_MT9V03X.o [1]
  ZI                            0x2000'bea0    0xa6b8  <Block>
    .bss               zero     0x2000'bea0      0x30  Bluetooth.o [1]
    .bss               zero     0x2000'bed0       0x8  Bluetooth.o [1]
    .bss               zero     0x2000'bed8       0x1  common.o [1]
    .bss               zero     0x2000'bedc      0xc8  Flash.o [1]
    .bss               zero     0x2000'bfa4       0x4  fsl_clock.o [1]
    .bss               zero     0x2000'bfa8       0x4  fsl_clock.o [1]
    .bss               zero     0x2000'bfac       0x4  fsl_csi.o [1]
    .bss               zero     0x2000'bfb0       0x4  fsl_csi.o [1]
    .bss               zero     0x2000'bfb4      0x1c  fsl_debug_console.o [1]
    .bss               zero     0x2000'bfd0       0x4  fsl_debug_console.o [1]
    .bss               zero     0x2000'bfd4      0x80  fsl_edma.o [1]
    .bss               zero     0x2000'c054       0xc  fsl_enet.o [1]
    .bss               zero     0x2000'c060       0x4  fsl_enet.o [1]
    .bss               zero     0x2000'c064       0x4  fsl_enet.o [1]
    .bss               zero     0x2000'c068       0x4  fsl_enet.o [1]
    .bss               zero     0x2000'c06c       0x4  fsl_enet.o [1]
    .bss               zero     0x2000'c070      0x10  fsl_flexcan.o [1]
    .bss               zero     0x2000'c080       0x4  fsl_flexcan.o [1]
    .bss               zero     0x2000'c084       0x8  fsl_flexio.o [1]
    .bss               zero     0x2000'c08c       0x8  fsl_flexio.o [1]
    .bss               zero     0x2000'c094       0x8  fsl_flexio.o [1]
    .bss               zero     0x2000'c09c       0x4  fsl_lpi2c.o [1]
    .bss               zero     0x2000'c0a0      0x14  fsl_lpi2c.o [1]
    .bss               zero     0x2000'c0b4       0x4  fsl_lpi2c.o [1]
    .bss               zero     0x2000'c0b8      0x14  fsl_lpi2c.o [1]
    .bss               zero     0x2000'c0cc      0x14  fsl_lpspi.o [1]
    .bss               zero     0x2000'c0e0       0x4  fsl_lpspi.o [1]
    .bss               zero     0x2000'c0e4       0x4  fsl_lpspi.o [1]
    .bss               zero     0x2000'c0e8       0x8  fsl_lpspi.o [1]
    .bss               zero     0x2000'c0f0      0x24  fsl_lpuart.o [1]
    .bss               zero     0x2000'c114       0x4  fsl_lpuart.o [1]
    .bss               zero     0x2000'c118      0x20  fsl_sai.o [1]
    .bss               zero     0x2000'c138       0x4  fsl_sai.o [1]
    .bss               zero     0x2000'c13c       0x4  fsl_sai.o [1]
    .bss               zero     0x2000'c140       0x4  fsl_sdmmc_event.o [1]
    .bss               zero     0x2000'c144       0x8  fsl_spdif.o [1]
    .bss               zero     0x2000'c14c       0x4  fsl_spdif.o [1]
    .bss               zero     0x2000'c150       0x4  fsl_spdif.o [1]
    .bss               zero     0x2000'c154       0xc  fsl_usdhc.o [1]
    .bss               zero     0x2000'c160       0x4  fsl_usdhc.o [1]
    .bss               zero     0x2000'c164       0x2  Image.o [1]
    .bss               zero     0x2000'c166       0x2  Image.o [1]
    .bss               zero     0x2000'c168       0x2  Image.o [1]
    .bss               zero     0x2000'c16c       0x4  Image.o [1]
    .bss               zero     0x2000'c170       0x2  Image.o [1]
    .bss               zero     0x2000'c172       0x2  Image.o [1]
    .bss               zero     0x2000'c174       0x2  Image.o [1]
    .bss               zero     0x2000'c176       0x2  Image.o [1]
    .bss               zero     0x2000'c178       0x2  Image.o [1]
    .bss               zero     0x2000'c17a       0x2  Image.o [1]
    .bss               zero     0x2000'c17c       0x2  Image.o [1]
    .bss               zero     0x2000'c17e       0x2  Image.o [1]
    .bss               zero     0x2000'c180       0x2  Image.o [1]
    .bss               zero     0x2000'c182       0x2  Image.o [1]
    .bss               zero     0x2000'c184       0x2  Image.o [1]
    .bss               zero     0x2000'c186       0x2  Image.o [1]
    .bss               zero     0x2000'c188       0x2  Image.o [1]
    .bss               zero     0x2000'c18a       0x2  Image.o [1]
    .bss               zero     0x2000'c18c       0x1  Image.o [1]
    .bss               zero     0x2000'c18e       0x2  Image.o [1]
    .bss               zero     0x2000'c190       0x1  Image.o [1]
    .bss               zero     0x2000'c191       0x1  Image.o [1]
    .bss               zero     0x2000'c192       0x1  Image.o [1]
    .bss               zero     0x2000'c194       0x2  Image.o [1]
    .bss               zero     0x2000'c196       0x2  Image.o [1]
    .bss               zero     0x2000'c198       0x2  Image.o [1]
    .bss               zero     0x2000'c19a       0x2  Image.o [1]
    .bss               zero     0x2000'c19c       0x2  Image.o [1]
    .bss               zero     0x2000'c19e       0x2  Image.o [1]
    .bss               zero     0x2000'c1a0       0x2  Image.o [1]
    .bss               zero     0x2000'c1a4      0x3c  Image.o [1]
    .bss               zero     0x2000'c1e0     0x100  Image.o [1]
    .bss               zero     0x2000'c2e0    0x3200  Image.o [1]
    .bss               zero     0x2000'f4e0    0x6400  Image.o [1]
    .bss               zero     0x2001'58e0      0xa0  Image.o [1]
    .bss               zero     0x2001'5980      0xa0  Image.o [1]
    .bss               zero     0x2001'5a20      0xa0  Image.o [1]
    .bss               zero     0x2001'5ac0      0xa0  Image.o [1]
    .bss               zero     0x2001'5b60      0xa0  Image.o [1]
    .bss               zero     0x2001'5c00     0x140  Image.o [1]
    .bss               zero     0x2001'5d40      0xa0  Image.o [1]
    .bss               zero     0x2001'5de0       0x2  Image.o [1]
    .bss               zero     0x2001'5de4      0x1c  Image.o [1]
    .bss               zero     0x2001'5e00      0x1c  Image.o [1]
    .bss               zero     0x2001'5e1c       0x8  Image.o [1]
    .bss               zero     0x2001'5e24       0xc  Image.o [1]
    .bss               zero     0x2001'5e30       0x4  Image.o [1]
    .bss               zero     0x2001'5e34       0x4  Image.o [1]
    .bss               zero     0x2001'5e38       0x1  Image.o [1]
    .bss               zero     0x2001'5e39       0x1  Image.o [1]
    .bss               zero     0x2001'5e3a       0x1  Image.o [1]
    .bss               zero     0x2001'5e3c      0xa0  Image.o [1]
    .bss               zero     0x2001'5edc      0xa0  Image.o [1]
    .bss               zero     0x2001'5f7c      0xa0  Image.o [1]
    .bss               zero     0x2001'601c      0xa0  Image.o [1]
    .bss               zero     0x2001'60bc       0x4  Image.o [1]
    .bss               zero     0x2001'60c0       0x4  Image.o [1]
    .bss               zero     0x2001'60c4       0x4  Image.o [1]
    .bss               zero     0x2001'60c8       0x4  Image.o [1]
    .bss               zero     0x2001'60cc       0x4  Image.o [1]
    .bss               zero     0x2001'60d0       0x4  Image.o [1]
    .bss               zero     0x2001'60d4       0x4  Image.o [1]
    .bss               zero     0x2001'60d8       0x4  Image.o [1]
    .bss               zero     0x2001'60dc       0x2  Image.o [1]
    .bss               zero     0x2001'60e0       0x4  Image.o [1]
    .bss               zero     0x2001'60e4       0x4  Image.o [1]
    .bss               zero     0x2001'60e8       0x2  Image.o [1]
    .bss               zero     0x2001'60ec       0x4  Image.o [1]
    .bss               zero     0x2001'60f0       0x4  Image.o [1]
    .bss               zero     0x2001'60f4       0x4  Image.o [1]
    .bss               zero     0x2001'60f8       0x2  Image.o [1]
    .bss               zero     0x2001'60fa       0x2  Image.o [1]
    .bss               zero     0x2001'60fc       0x4  Image.o [1]
    .bss               zero     0x2001'6100       0x4  Image.o [1]
    .bss               zero     0x2001'6104       0x4  Image.o [1]
    .bss               zero     0x2001'6108       0x4  Image.o [1]
    .bss               zero     0x2001'610c       0xc  Matrix_Keyboard.o [1]
    .bss               zero     0x2001'6118       0x8  Matrix_Keyboard.o [1]
    .bss               zero     0x2001'6120       0x2  Matrix_Keyboard.o [1]
    .bss               zero     0x2001'6122       0x2  Matrix_Keyboard.o [1]
    .bss               zero     0x2001'6124       0xc  Matrix_Keyboard.o [1]
    .bss               zero     0x2001'6130       0x4  Matrix_Keyboard.o [1]
    .bss               zero     0x2001'6134       0x4  Matrix_Keyboard.o [1]
    .bss               zero     0x2001'6138       0x1  Matrix_Keyboard.o [1]
    .bss               zero     0x2001'613c       0x4  Motor.o [1]
    .bss               zero     0x2001'6140       0x4  Motor.o [1]
    .bss               zero     0x2001'6144       0x2  Motor.o [1]
    .bss               zero     0x2001'6146       0x2  Motor.o [1]
    .bss               zero     0x2001'6148      0x24  Motor.o [1]
    .bss               zero     0x2001'616c      0x18  Motor.o [1]
    .bss               zero     0x2001'6184      0x18  Motor.o [1]
    .bss               zero     0x2001'619c       0x8  openart.o [1]
    .bss               zero     0x2001'61a4       0x8  openart.o [1]
    .bss               zero     0x2001'61ac       0x8  openart.o [1]
    .bss               zero     0x2001'61b4      0x30  openart.o [1]
    .bss               zero     0x2001'61e4       0x8  openart.o [1]
    .bss               zero     0x2001'61ec      0x30  openart.o [1]
    .bss               zero     0x2001'621c       0x8  openart.o [1]
    .bss               zero     0x2001'6224      0x30  openart.o [1]
    .bss               zero     0x2001'6254       0x8  openart.o [1]
    .bss               zero     0x2001'625c       0x8  openart.o [1]
    .bss               zero     0x2001'6264       0x1  openart.o [1]
    .bss               zero     0x2001'6265       0x1  openart.o [1]
    .bss               zero     0x2001'6268       0x8  openart.o [1]
    .bss               zero     0x2001'6270       0x1  openart.o [1]
    .bss               zero     0x2001'6271       0x1  openart.o [1]
    .bss               zero     0x2001'6274       0x8  openart.o [1]
    .bss               zero     0x2001'627c       0x1  openart.o [1]
    .bss               zero     0x2001'627d       0x1  openart.o [1]
    .bss               zero     0x2001'6280       0x4  SEEKFREE_MT9V03X.o [1]
    .bss               zero     0x2001'6284       0x1  SEEKFREE_MT9V03X.o [1]
    .bss               zero     0x2001'6285       0x1  SEEKFREE_MT9V03X.o [1]
    .bss               zero     0x2001'6288       0x4  SEEKFREE_MT9V03X_CSI.o [1]
    .bss               zero     0x2001'628c       0x1  SEEKFREE_MT9V03X_CSI.o [1]
    .bss               zero     0x2001'6290       0x8  SEEKFREE_MT9V03X_CSI.o [1]
    .bss               zero     0x2001'6298      0x30  SEEKFREE_MT9V03X_CSI.o [1]
    .bss               zero     0x2001'62c8       0x1  SEEKFREE_MT9V03X_CSI.o [1]
    .bss               zero     0x2001'62cc       0x4  SEEKFREE_SCC8660.o [1]
    .bss               zero     0x2001'62d0       0x4  Servo.o [1]
    .bss               zero     0x2001'62d4       0x4  Servo.o [1]
    .bss               zero     0x2001'62d8       0x4  Servo.o [1]
    .bss               zero     0x2001'62dc       0x4  Servo.o [1]
    .bss               zero     0x2001'62e0       0x4  Servo.o [1]
    .bss               zero     0x2001'62e4      0x18  Servo.o [1]
    .bss               zero     0x2001'62fc      0x1c  zf_camera.o [1]
    .bss               zero     0x2001'6318      0x1c  zf_csi.o [1]
    .bss               zero     0x2001'6334       0x4  zf_csi.o [1]
    .bss               zero     0x2001'6338     0x200  zf_flash.o [1]
    .bss               zero     0x2001'6538       0x8  zf_flash.o [1]
    .bss               zero     0x2001'6540       0x4  zf_rom_api.o [1]
    .bss               zero     0x2001'6544       0x1  zf_systick.o [1]
    .bss               zero     0x2001'6548      0x10  zf_usb_cdc.o [1]
                              - 0x2001'6558  0x1'6310

"P7":                                          0x1000
  CSTACK                        0x2006'f000    0x1000  <Block>
    CSTACK             uninit   0x2006'f000    0x1000  <Block tail>
                              - 0x2007'0000    0x1000

"P10":                                       0x1'2c00
  OCRAM_VAR                     0x2020'0000  0x1'2c00  <Block>
    OCRAM_CACHE        zero     0x2020'0000    0x9600  SEEKFREE_SCC8660.o [1]
    OCRAM_CACHE        zero     0x2020'9600    0x9600  SEEKFREE_SCC8660.o [1]
                              - 0x2021'2c00  0x1'2c00

"A2":                                           0x200
  .boot_hdr.conf       const    0x7000'0000     0x200  evkmimxrt1064_flexspi_nor_config.o [1]
                              - 0x7000'0200     0x200

"A3":                                            0x20
  .boot_hdr.ivt        const    0x7000'1000      0x20  fsl_flexspi_nor_boot.o [1]
                              - 0x7000'1020      0x20

"A4":                                            0x10
  .boot_hdr.boot_data  const    0x7000'1020      0x10  fsl_flexspi_nor_boot.o [1]
                              - 0x7000'1030      0x10

"A5":                                           0x430
  .boot_hdr.dcd_data   const    0x7000'1030     0x430  evkmimxrt1064_sdram_ini_dcd.o [1]
                              - 0x7000'1460     0x430

"A0":                                           0x440
  .intvec              const    0x7000'2000     0x400  zf_vector.o [1]
  .intvec              ro code  0x7000'2400      0x40  vector_table_M.o [4]
                              - 0x7000'2440     0x440

"P1":                                        0x1'1bfe
  .text                ro code  0x7000'2440     0x1ec  lz77_init.o [4]
  .text                ro code  0x7000'262c       0x6  abort.o [2]
  .text                ro code  0x7000'2632      0x3a  zero_init3.o [4]
  .text                ro code  0x7000'266c      0x14  exit.o [5]
  .text                ro code  0x7000'2680     0x18a  system_MIMXRT1064.o [1]
  .text                ro code  0x7000'280c      0x6c  startup_MIMXRT1064.o [1]
  .text                ro code  0x7000'2878      0x28  data_init.o [4]
  .text                ro code  0x7000'28a0      0x22  fpinit_M.o [3]
  .iar.init_table      const    0x7000'28c4      0x58  - Linker created -
  Veneer               ro code  0x7000'291c       0x8  - Linker created -
  Veneer               ro code  0x7000'2924       0x8  - Linker created -
  .text                ro code  0x7000'292c      0x1e  cmain.o [4]
  .text                ro code  0x7000'294a       0x4  low_level_init.o [2]
  .text                ro code  0x7000'294e       0xc  cstartup_M.o [4]
  .rodata              const    0x7000'295a       0x0  zero_init3.o [4]
  .rodata              const    0x7000'295a       0x0  lz77_init.o [4]
  Initializer bytes    const    0x7000'295a  0x1'15d6  <for RW-1>
  Initializer bytes    const    0x7001'3f30     0x10e  <for P3-P5|P9 s0>
                              - 0x7001'403e  0x1'1bfe

"P2|P11":                                    0x2'0114
  RW                            0x8000'0400  0x2'0114  <Block>
    RW-1                        0x8000'0400  0x2'0114  <Init block>
      .rodata          inited   0x8000'0400     0x420  pow64.o [3]
      .rodata          inited   0x8000'0820      0x18  clock_config.o [1]
      .rodata          inited   0x8000'0838      0x4c  clock_config.o [1]
      .rodata          inited   0x8000'0884      0x10  clock_config.o [1]
      .rodata          inited   0x8000'0894       0x8  clock_config.o [1]
      .rodata          inited   0x8000'089c      0x2c  fsl_assert.o [1]
      .rodata          inited   0x8000'08c8      0x10  fsl_clock.o [1]
      .rodata          inited   0x8000'08d8      0x4c  fsl_clock.o [1]
      .rodata          inited   0x8000'0924      0x10  fsl_clock.o [1]
      .rodata          inited   0x8000'0934      0x10  fsl_csi.o [1]
      .rodata          inited   0x8000'0944      0x4c  fsl_csi.o [1]
      .rodata          inited   0x8000'0990      0x3c  fsl_csi.o [1]
      .rodata          inited   0x8000'09cc      0x4c  fsl_csi.o [1]
      .rodata          inited   0x8000'0a18       0x8  fsl_csi.o [1]
      .rodata          inited   0x8000'0a20       0x8  fsl_csi.o [1]
      .rodata          inited   0x8000'0a28       0x4  fsl_csi.o [1]
      .rodata          inited   0x8000'0a2c       0x8  fsl_debug_console.o [1]
      .rodata          inited   0x8000'0a34      0x64  fsl_debug_console.o [1]
      .rodata          inited   0x8000'0a98       0xc  fsl_debug_console.o [1]
      .rodata          inited   0x8000'0aa4      0x4c  fsl_edma.o [1]
      .rodata          inited   0x8000'0af0      0x1c  fsl_edma.o [1]
      .rodata          inited   0x8000'0b0c       0xc  fsl_edma.o [1]
      .rodata          inited   0x8000'0b18      0x3c  fsl_enet.o [1]
      .rodata          inited   0x8000'0b54      0x4c  fsl_enet.o [1]
      .rodata          inited   0x8000'0ba0       0xc  fsl_enet.o [1]
      .rodata          inited   0x8000'0bac      0x50  fsl_flexcan.o [1]
      .rodata          inited   0x8000'0bfc      0x18  fsl_flexcan.o [1]
      .rodata          inited   0x8000'0c14      0x18  fsl_flexcan.o [1]
      .rodata          inited   0x8000'0c2c      0x18  fsl_flexcan.o [1]
      .rodata          inited   0x8000'0c44      0x10  fsl_gpio.o [1]
      .rodata          inited   0x8000'0c54      0x4c  fsl_gpio.o [1]
      .rodata          inited   0x8000'0ca0      0x3c  fsl_gpio.o [1]
      .rodata          inited   0x8000'0cdc      0x4c  fsl_gpio.o [1]
      .rodata          inited   0x8000'0d28       0xc  fsl_gpio.o [1]
      .rodata          inited   0x8000'0d34      0x28  fsl_gpio.o [1]
      .rodata          inited   0x8000'0d5c       0xc  fsl_gpio.o [1]
      .rodata          inited   0x8000'0d68      0x10  fsl_gpt.o [1]
      .rodata          inited   0x8000'0d78      0x4c  fsl_gpt.o [1]
      .rodata          inited   0x8000'0dc4      0x1c  fsl_gpt.o [1]
      .rodata          inited   0x8000'0de0      0x4c  fsl_gpt.o [1]
      .rodata          inited   0x8000'0e2c      0x3c  fsl_gpt.o [1]
      .rodata          inited   0x8000'0e68      0x4c  fsl_gpt.o [1]
      .rodata          inited   0x8000'0eb4      0x10  fsl_gpt.o [1]
      .rodata          inited   0x8000'0ec4       0xc  fsl_gpt.o [1]
      .rodata          inited   0x8000'0ed0       0xc  fsl_gpt.o [1]
      .rodata          inited   0x8000'0edc       0x8  fsl_gpt.o [1]
      .rodata          inited   0x8000'0ee4      0x10  fsl_lpspi.o [1]
      .rodata          inited   0x8000'0ef4      0x4c  fsl_lpspi.o [1]
      .rodata          inited   0x8000'0f40      0x40  fsl_lpspi.o [1]
      .rodata          inited   0x8000'0f80      0x4c  fsl_lpspi.o [1]
      .rodata          inited   0x8000'0fcc      0x10  fsl_lpspi.o [1]
      .rodata          inited   0x8000'0fdc      0x14  fsl_lpspi.o [1]
      .rodata          inited   0x8000'0ff0       0xc  fsl_lpspi.o [1]
      .rodata          inited   0x8000'0ffc       0x8  fsl_lpspi.o [1]
      .rodata          inited   0x8000'1004       0x8  fsl_lpspi.o [1]
      .rodata          inited   0x8000'100c      0x14  fsl_lpspi.o [1]
      .rodata          inited   0x8000'1020      0x14  fsl_lpspi.o [1]
      .rodata          inited   0x8000'1034      0x14  fsl_lpspi.o [1]
      .rodata          inited   0x8000'1048      0x14  fsl_lpspi.o [1]
      .rodata          inited   0x8000'105c       0x8  fsl_lpspi.o [1]
      .rodata          inited   0x8000'1064      0x14  fsl_lpspi.o [1]
      .rodata          inited   0x8000'1078       0xc  fsl_lpspi.o [1]
      .rodata          inited   0x8000'1084      0x10  fsl_lpuart.o [1]
      .rodata          inited   0x8000'1094      0x4c  fsl_lpuart.o [1]
      .rodata          inited   0x8000'10e0      0x40  fsl_lpuart.o [1]
      .rodata          inited   0x8000'1120      0x4c  fsl_lpuart.o [1]
      .rodata          inited   0x8000'116c       0xc  fsl_lpuart.o [1]
      .rodata          inited   0x8000'1178       0xc  fsl_lpuart.o [1]
      .rodata          inited   0x8000'1184       0xc  fsl_lpuart.o [1]
      .rodata          inited   0x8000'1190      0x1c  fsl_lpuart.o [1]
      .rodata          inited   0x8000'11ac      0x28  fsl_lpuart.o [1]
      .rodata          inited   0x8000'11d4      0x28  fsl_lpuart.o [1]
      .rodata          inited   0x8000'11fc      0x24  fsl_lpuart.o [1]
      .rodata          inited   0x8000'1220      0x14  fsl_lpuart.o [1]
      .rodata          inited   0x8000'1234      0x14  fsl_lpuart.o [1]
      .rodata          inited   0x8000'1248      0x10  fsl_pit.o [1]
      .rodata          inited   0x8000'1258      0x4c  fsl_pit.o [1]
      .rodata          inited   0x8000'12a4      0x3c  fsl_pit.o [1]
      .rodata          inited   0x8000'12e0      0x4c  fsl_pit.o [1]
      .rodata          inited   0x8000'132c       0xc  fsl_pit.o [1]
      .rodata          inited   0x8000'1338       0x4  fsl_pit.o [1]
      .rodata          inited   0x8000'133c      0x10  fsl_pwm.o [1]
      .rodata          inited   0x8000'134c      0x4c  fsl_pwm.o [1]
      .rodata          inited   0x8000'1398      0x3c  fsl_pwm.o [1]
      .rodata          inited   0x8000'13d4      0x4c  fsl_pwm.o [1]
      .rodata          inited   0x8000'1420       0x8  fsl_pwm.o [1]
      .rodata          inited   0x8000'1428       0xc  fsl_pwm.o [1]
      .rodata          inited   0x8000'1434       0xc  fsl_pwm.o [1]
      .rodata          inited   0x8000'1440       0xc  fsl_pwm.o [1]
      .rodata          inited   0x8000'144c       0xc  fsl_pwm.o [1]
      .rodata          inited   0x8000'1458      0x28  fsl_pwm.o [1]
      .rodata          inited   0x8000'1480      0x1c  fsl_pwm.o [1]
      .rodata          inited   0x8000'149c      0x1c  fsl_pwm.o [1]
      .rodata          inited   0x8000'14b8      0x14  fsl_pwm.o [1]
      .rodata          inited   0x8000'14cc      0x28  fsl_pwm.o [1]
      .rodata          inited   0x8000'14f4      0x10  fsl_qtmr.o [1]
      .rodata          inited   0x8000'1504      0x4c  fsl_qtmr.o [1]
      .rodata          inited   0x8000'1550      0x3c  fsl_qtmr.o [1]
      .rodata          inited   0x8000'158c      0x4c  fsl_qtmr.o [1]
      .rodata          inited   0x8000'15d8       0xc  fsl_qtmr.o [1]
      .rodata          inited   0x8000'15e4      0x14  fsl_qtmr.o [1]
      .rodata          inited   0x8000'15f8       0xc  fsl_qtmr.o [1]
      .rodata          inited   0x8000'1604      0x4c  fsl_sai.o [1]
      .rodata          inited   0x8000'1650      0x18  fsl_sai.o [1]
      .rodata          inited   0x8000'1668      0x18  fsl_sai.o [1]
      .rodata          inited   0x8000'1680       0xc  fsl_usdhc.o [1]
      .rodata          inited   0x8000'168c      0x78  Image.o [1]
      .rodata          inited   0x8000'1704       0x8  lpuart_adapter.o [1]
      .rodata          inited   0x8000'170c      0x5c  lpuart_adapter.o [1]
      .rodata          inited   0x8000'1768       0x8  lpuart_adapter.o [1]
      .rodata          inited   0x8000'1770       0x8  lpuart_adapter.o [1]
      .rodata          inited   0x8000'1778      0x24  lpuart_adapter.o [1]
      .rodata          inited   0x8000'179c       0xc  Matrix_Keyboard.o [1]
      .rodata          inited   0x8000'17a8       0x8  Matrix_Keyboard.o [1]
      .rodata          inited   0x8000'17b0       0x8  Matrix_Keyboard.o [1]
      .rodata          inited   0x8000'17b8       0xc  Matrix_Keyboard.o [1]
      .rodata          inited   0x8000'17c4       0xc  Matrix_Keyboard.o [1]
      .rodata          inited   0x8000'17d0       0x8  Matrix_Keyboard.o [1]
      .rodata          inited   0x8000'17d8       0x8  Matrix_Keyboard.o [1]
      .rodata          inited   0x8000'17e0       0xc  Matrix_Keyboard.o [1]
      .rodata          inited   0x8000'17ec       0x8  Matrix_Keyboard.o [1]
      .rodata          inited   0x8000'17f4       0x8  Matrix_Keyboard.o [1]
      .rodata          inited   0x8000'17fc       0x8  Matrix_Keyboard.o [1]
      .rodata          inited   0x8000'1804       0x8  Matrix_Keyboard.o [1]
      .rodata          inited   0x8000'180c       0xc  Matrix_Keyboard.o [1]
      .rodata          inited   0x8000'1818       0xc  Matrix_Keyboard.o [1]
      .rodata          inited   0x8000'1824       0x8  Matrix_Keyboard.o [1]
      .rodata          inited   0x8000'182c      0x10  Matrix_Keyboard.o [1]
      .rodata          inited   0x8000'183c       0x8  Matrix_Keyboard.o [1]
      .rodata          inited   0x8000'1844       0x8  Matrix_Keyboard.o [1]
      .rodata          inited   0x8000'184c       0x8  Matrix_Keyboard.o [1]
      .rodata          inited   0x8000'1854       0x8  Matrix_Keyboard.o [1]
      .rodata          inited   0x8000'185c       0x8  Matrix_Keyboard.o [1]
      .rodata          inited   0x8000'1864       0x8  Matrix_Keyboard.o [1]
      .rodata          inited   0x8000'186c       0x8  Matrix_Keyboard.o [1]
      .rodata          inited   0x8000'1874       0xc  Matrix_Keyboard.o [1]
      .rodata          inited   0x8000'1880       0xc  Matrix_Keyboard.o [1]
      .rodata          inited   0x8000'188c       0xc  Matrix_Keyboard.o [1]
      .rodata          inited   0x8000'1898       0xc  Matrix_Keyboard.o [1]
      .rodata          inited   0x8000'18a4       0xc  Matrix_Keyboard.o [1]
      .rodata          inited   0x8000'18b0       0xc  Matrix_Keyboard.o [1]
      .rodata          inited   0x8000'18bc       0xc  Matrix_Keyboard.o [1]
      .rodata          inited   0x8000'18c8       0x8  Matrix_Keyboard.o [1]
      .rodata          inited   0x8000'18d0       0x8  Matrix_Keyboard.o [1]
      .rodata          inited   0x8000'18d8       0x8  Matrix_Keyboard.o [1]
      .rodata          inited   0x8000'18e0       0x8  Matrix_Keyboard.o [1]
      .rodata          inited   0x8000'18e8       0x8  Matrix_Keyboard.o [1]
      .rodata          inited   0x8000'18f0       0x8  Matrix_Keyboard.o [1]
      .rodata          inited   0x8000'18f8       0xc  Matrix_Keyboard.o [1]
      .rodata          inited   0x8000'1904       0x8  Matrix_Keyboard.o [1]
      .rodata          inited   0x8000'190c       0xc  Matrix_Keyboard.o [1]
      .rodata          inited   0x8000'1918       0xc  Matrix_Keyboard.o [1]
      .rodata          inited   0x8000'1924       0xc  Matrix_Keyboard.o [1]
      .rodata          inited   0x8000'1930       0xc  Matrix_Keyboard.o [1]
      .rodata          inited   0x8000'193c       0xc  Matrix_Keyboard.o [1]
      .rodata          inited   0x8000'1948       0xc  Matrix_Keyboard.o [1]
      .rodata          inited   0x8000'1954       0x8  Matrix_Keyboard.o [1]
      .rodata          inited   0x8000'195c       0x8  Matrix_Keyboard.o [1]
      .rodata          inited   0x8000'1964       0x8  Matrix_Keyboard.o [1]
      .rodata          inited   0x8000'196c       0x8  Matrix_Keyboard.o [1]
      .rodata          inited   0x8000'1974       0x8  Matrix_Keyboard.o [1]
      .rodata          inited   0x8000'197c       0x8  Matrix_Keyboard.o [1]
      .rodata          inited   0x8000'1984       0x8  Matrix_Keyboard.o [1]
      .rodata          inited   0x8000'198c       0x8  Matrix_Keyboard.o [1]
      .rodata          inited   0x8000'1994       0x8  Matrix_Keyboard.o [1]
      .rodata          inited   0x8000'199c       0x8  Matrix_Keyboard.o [1]
      .rodata          inited   0x8000'19a4       0x8  Matrix_Keyboard.o [1]
      .rodata          inited   0x8000'19ac       0x8  Matrix_Keyboard.o [1]
      .rodata          inited   0x8000'19b4       0x8  Matrix_Keyboard.o [1]
      .rodata          inited   0x8000'19bc       0x8  Matrix_Keyboard.o [1]
      .rodata          inited   0x8000'19c4       0xc  Matrix_Keyboard.o [1]
      .rodata          inited   0x8000'19d0       0xc  Matrix_Keyboard.o [1]
      .rodata          inited   0x8000'19dc       0x8  Matrix_Keyboard.o [1]
      .rodata          inited   0x8000'19e4       0xc  Matrix_Keyboard.o [1]
      .rodata          inited   0x8000'19f0       0x8  Matrix_Keyboard.o [1]
      .rodata          inited   0x8000'19f8       0x8  Matrix_Keyboard.o [1]
      .rodata          inited   0x8000'1a00       0x8  Matrix_Keyboard.o [1]
      .rodata          inited   0x8000'1a08       0x8  Matrix_Keyboard.o [1]
      .rodata          inited   0x8000'1a10       0x8  Matrix_Keyboard.o [1]
      .rodata          inited   0x8000'1a18       0x8  Matrix_Keyboard.o [1]
      .rodata          inited   0x8000'1a20       0x8  Matrix_Keyboard.o [1]
      .rodata          inited   0x8000'1a28       0x8  Matrix_Keyboard.o [1]
      .rodata          inited   0x8000'1a30       0x8  Matrix_Keyboard.o [1]
      .rodata          inited   0x8000'1a38       0x8  Matrix_Keyboard.o [1]
      .rodata          inited   0x8000'1a40       0x8  Matrix_Keyboard.o [1]
      .rodata          inited   0x8000'1a48       0x8  Matrix_Keyboard.o [1]
      .rodata          inited   0x8000'1a50       0x8  Matrix_Keyboard.o [1]
      .rodata          inited   0x8000'1a58       0x8  Matrix_Keyboard.o [1]
      .rodata          inited   0x8000'1a60       0x8  Matrix_Keyboard.o [1]
      .rodata          inited   0x8000'1a68       0x8  Matrix_Keyboard.o [1]
      .rodata          inited   0x8000'1a70       0x8  Matrix_Keyboard.o [1]
      .rodata          inited   0x8000'1a78       0x8  Matrix_Keyboard.o [1]
      .rodata          inited   0x8000'1a80       0xc  Matrix_Keyboard.o [1]
      .rodata          inited   0x8000'1a8c       0xc  SEEKFREE_18TFT.o [1]
      .rodata          inited   0x8000'1a98      0x50  SEEKFREE_18TFT.o [1]
      .rodata          inited   0x8000'1ae8       0xc  SEEKFREE_18TFT.o [1]
      .rodata          inited   0x8000'1af4       0xc  SEEKFREE_18TFT.o [1]
      .rodata          inited   0x8000'1b00       0xc  SEEKFREE_18TFT.o [1]
      .rodata          inited   0x8000'1b0c     0x5f0  SEEKFREE_FONT.o [1]
      .rodata          inited   0x8000'20fc       0xc  serial_manager.o [1]
      .rodata          inited   0x8000'2108      0x64  serial_manager.o [1]
      .rodata          inited   0x8000'216c       0x8  serial_manager.o [1]
      .rodata          inited   0x8000'2174       0x8  serial_manager.o [1]
      .rodata          inited   0x8000'217c       0x8  serial_manager.o [1]
      .rodata          inited   0x8000'2184      0x68  serial_port_uart.o [1]
      .rodata          inited   0x8000'21ec      0x10  serial_port_uart.o [1]
      .rodata          inited   0x8000'21fc       0x8  serial_port_uart.o [1]
      .rodata          inited   0x8000'2204       0x8  serial_port_uart.o [1]
      .rodata          inited   0x8000'220c      0x18  zf_csi.o [1]
      .rodata          inited   0x8000'2224      0x4c  zf_csi.o [1]
      .rodata          inited   0x8000'2270      0x48  zf_csi.o [1]
      .rodata          inited   0x8000'22b8      0x10  zf_flash.o [1]
      .rodata          inited   0x8000'22c8      0x48  zf_flash.o [1]
      .rodata          inited   0x8000'2310      0x14  zf_flash.o [1]
      .rodata          inited   0x8000'2324      0x10  zf_flash.o [1]
      .rodata          inited   0x8000'2334       0xc  zf_gpio.o [1]
      .rodata          inited   0x8000'2340      0x68  zf_gpio.o [1]
      .rodata          inited   0x8000'23a8      0x10  zf_iomuxc.o [1]
      .rodata          inited   0x8000'23b8      0x4c  zf_iomuxc.o [1]
      .rodata          inited   0x8000'2404      0x4c  zf_iomuxc.o [1]
      .rodata          inited   0x8000'2450       0xc  zf_pit.o [1]
      .rodata          inited   0x8000'245c      0x68  zf_pit.o [1]
      .rodata          inited   0x8000'24c4      0x48  zf_pwm.o [1]
      .rodata          inited   0x8000'250c      0x4c  zf_qtimer.o [1]
      .rodata          inited   0x8000'2558      0x18  zf_spi.o [1]
      .rodata          inited   0x8000'2570      0x4c  zf_spi.o [1]
      .rodata          inited   0x8000'25bc      0x48  zf_spi.o [1]
      .rodata          inited   0x8000'2604       0xc  zf_spi.o [1]
      .rodata          inited   0x8000'2610      0x1c  zf_systick.o [1]
      .rodata          inited   0x8000'262c      0x68  zf_systick.o [1]
      .rodata          inited   0x8000'2694      0x28  zf_systick.o [1]
      .rodata          inited   0x8000'26bc      0x48  zf_uart.o [1]
      .text            inited   0x8000'2704      0xcc  Bluetooth.o [1]
      .text            inited   0x8000'27d0     0x2e4  board.o [1]
      .text            inited   0x8000'2ab4     0x382  CH455.o [1]
      .text            inited   0x8000'2e38     0x6f4  clock_config.o [1]
      .text            inited   0x8000'352c      0x54  Encoder.o [1]
      .text            inited   0x8000'3580     0xa70  Flash.o [1]
      .text            inited   0x8000'3ff0      0x1c  fsl_assert.o [1]
      .text            inited   0x8000'400c      0x50  fsl_cache.o [1]
      .text            inited   0x8000'405c     0x7b4  fsl_clock.o [1]
      .text            inited   0x8000'4810     0x628  fsl_csi.o [1]
      .text            inited   0x8000'4e38      0xfc  fsl_debug_console.o [1]
      .text            inited   0x8000'4f34     0x44c  fsl_edma.o [1]
      .text            inited   0x8000'5380      0xe8  fsl_enet.o [1]
      .text            inited   0x8000'5468      0x98  fsl_flexcan.o [1]
      .text            inited   0x8000'5500      0x64  fsl_flexio.o [1]
      .text            inited   0x8000'5564      0x3c  fsl_flexio_camera.o [1]
      .text            inited   0x8000'55a0     0x212  fsl_gpio.o [1]
      .text            inited   0x8000'57b4     0x230  fsl_gpt.o [1]
      .text            inited   0x8000'59e4      0x90  fsl_lpi2c.o [1]
      .text            inited   0x8000'5a74     0xb50  fsl_lpspi.o [1]
      .text            inited   0x8000'65c4     0xa38  fsl_lpuart.o [1]
      .text            inited   0x8000'6ffc     0x144  fsl_pit.o [1]
      .text            inited   0x8000'7140     0xaa0  fsl_pwm.o [1]
      .text            inited   0x8000'7be0     0x1c4  fsl_qtmr.o [1]
      .text            inited   0x8000'7da4     0x138  fsl_sai.o [1]
      .text            inited   0x8000'7edc      0x10  fsl_sdmmc_event.o [1]
      .text            inited   0x8000'7eec      0x44  fsl_spdif.o [1]
      .text            inited   0x8000'7f30     0x964  fsl_str.o [1]
      .text            inited   0x8000'8894      0x30  fsl_usdhc.o [1]
      .text            inited   0x8000'88c4     0x8a4  FuzzyControl.o [1]
      .text            inited   0x8000'9168    0x87ba  Image.o [1]
      .text            inited   0x8001'1924     0x130  init.o [1]
      .text            inited   0x8001'1a54     0x20c  isr.o [1]
      .text            inited   0x8001'1c60      0x70  lpuart_adapter.o [1]
      .text            inited   0x8001'1cd0     0x1c0  main.o [1]
      .text            inited   0x8001'1e90    0x1ee6  Matrix_Keyboard.o [1]
      .text            inited   0x8001'3d78     0x3c8  Motor.o [1]
      .text            inited   0x8001'4140     0x3c6  openart.o [1]
      .text            inited   0x8001'4508     0x7fa  SEEKFREE_18TFT.o [1]
      .text            inited   0x8001'4d04     0x11c  SEEKFREE_MT9V03X.o [1]
      .text            inited   0x8001'4e20     0x184  SEEKFREE_MT9V03X_CSI.o [1]
      .text            inited   0x8001'4fa4     0x3d0  SEEKFREE_PRINTF.o [1]
      .text            inited   0x8001'5374      0x54  SEEKFREE_SCC8660.o [1]
      .text            inited   0x8001'53c8      0xe0  serial_manager.o [1]
      .text            inited   0x8001'54a8      0x64  serial_port_uart.o [1]
      .text            inited   0x8001'550c      0x88  Servo.o [1]
      .text            inited   0x8001'5594     0x17a  usb_device_dci.o [1]
      .text            inited   0x8001'5710     0x5e0  usb_device_ehci.o [1]
      .text            inited   0x8001'5cf0      0x2c  zf_camera.o [1]
      .text            inited   0x8001'5d1c     0x374  zf_csi.o [1]
      .text            inited   0x8001'6090     0x1dc  zf_flash.o [1]
      .text            inited   0x8001'626c     0x20c  zf_gpio.o [1]
      .text            inited   0x8001'6478    0x6ab0  zf_iomuxc.o [1]
      .text            inited   0x8001'cf28     0x160  zf_pit.o [1]
      .text            inited   0x8001'd088     0x7e4  zf_pwm.o [1]
      .text            inited   0x8001'd86c     0x768  zf_qtimer.o [1]
      .text            inited   0x8001'dfd4      0x7c  zf_rom_api.o [1]
      .text            inited   0x8001'e050     0x884  zf_spi.o [1]
      .text            inited   0x8001'e8d4     0x150  zf_systick.o [1]
      .text            inited   0x8001'ea24     0x4e0  zf_uart.o [1]
      .text            inited   0x8001'ef04      0x20  zf_usb_cdc.o [1]
      .text            inited   0x8001'ef24      0x12  strcmp.o [4]
      .text            inited   0x8001'ef38      0x66  ABImemset.o [4]
      .text            inited   0x8001'efa0      0xa6  ABImemcpy.o [4]
      .text            inited   0x8001'f048     0x274  I64DivMod.o [4]
      .text            inited   0x8001'f2bc      0x36  strlen.o [4]
      .text            inited   0x8001'f2f4      0x5c  DblToS64.o [3]
      .text            inited   0x8001'f350      0x52  S64ToDbl.o [3]
      .text            inited   0x8001'f3a4      0x9e  modf.o [3]
      .text            inited   0x8001'f444     0x56c  pow64.o [3]
      .text            inited   0x8001'f9b0     0x2f4  cos_sin64.o [3]
      .text            inited   0x8001'fca4      0x1e  sqrt.o [3]
      .text            inited   0x8001'fcc4       0x2  I64DivZer.o [4]
      .text            inited   0x8001'fcc8     0x368  iar_Exp64.o [3]
      .text            inited   0x8002'0030      0x7c  frexp.o [3]
      .text            inited   0x8002'00ac      0xf0  ldexp.o [3]
      Veneer           inited   0x8002'019c       0x8  - Linker created -
      .text            inited   0x8002'01a4       0xa  cexit.o [4]
      .rodata          inited   0x8002'01ae       0x2  fsl_csi.o [1]
      .rodata          inited   0x8002'01b0       0x2  fsl_csi.o [1]
      .rodata          inited   0x8002'01b2       0x2  fsl_pit.o [1]
      .rodata          inited   0x8002'01b4       0x2  FuzzyControl.o [1]
      .rodata          inited   0x8002'01b6       0x2  FuzzyControl.o [1]
      .rodata          inited   0x8002'01b8       0x2  FuzzyControl.o [1]
      .rodata          inited   0x8002'01ba       0x2  FuzzyControl.o [1]
      .rodata          inited   0x8002'01bc       0x2  FuzzyControl.o [1]
      .rodata          inited   0x8002'01be       0x2  FuzzyControl.o [1]
      .rodata          inited   0x8002'01c0       0x2  FuzzyControl.o [1]
      .text            inited   0x8002'01c2      0x10  common.o [1]
      .text            inited   0x8002'01d2      0xf0  Pid.o [1]
      .text            inited   0x8002'02c2       0x8  zf_vector.o [1]
      .text            inited   0x8002'02ca       0x8  zf_vector.o [1]
      .text            inited   0x8002'02d2       0x8  zf_vector.o [1]
      .text            inited   0x8002'02da       0x8  zf_vector.o [1]
      .text            inited   0x8002'02e2       0x8  zf_vector.o [1]
      .text            inited   0x8002'02ea       0x8  zf_vector.o [1]
      .text            inited   0x8002'02f2       0x8  zf_vector.o [1]
      .text            inited   0x8002'02fa       0x8  zf_vector.o [1]
      .text            inited   0x8002'0302       0x8  zf_vector.o [1]
      .text            inited   0x8002'030a       0x8  zf_vector.o [1]
      .text            inited   0x8002'0312       0x8  zf_vector.o [1]
      .text            inited   0x8002'031a       0x8  zf_vector.o [1]
      .text            inited   0x8002'0322       0x8  zf_vector.o [1]
      .text            inited   0x8002'032a       0x8  zf_vector.o [1]
      .text            inited   0x8002'0332       0x8  zf_vector.o [1]
      .text            inited   0x8002'033a       0x8  zf_vector.o [1]
      .text            inited   0x8002'0342       0x8  zf_vector.o [1]
      .text            inited   0x8002'034a       0x2  zf_vector.o [1]
      .text            inited   0x8002'034c       0x2  zf_vector.o [1]
      .text            inited   0x8002'034e       0x2  zf_vector.o [1]
      .text            inited   0x8002'0350       0x8  zf_vector.o [1]
      .text            inited   0x8002'0358       0x8  zf_vector.o [1]
      .text            inited   0x8002'0360       0x8  zf_vector.o [1]
      .text            inited   0x8002'0368       0x8  zf_vector.o [1]
      .text            inited   0x8002'0370       0x8  zf_vector.o [1]
      .text            inited   0x8002'0378       0x8  zf_vector.o [1]
      .text            inited   0x8002'0380       0x8  zf_vector.o [1]
      .text            inited   0x8002'0388       0x8  zf_vector.o [1]
      .text            inited   0x8002'0390       0x8  zf_vector.o [1]
      .text            inited   0x8002'0398       0x8  zf_vector.o [1]
      .text            inited   0x8002'03a0       0x8  zf_vector.o [1]
      .text            inited   0x8002'03a8       0x8  zf_vector.o [1]
      .text            inited   0x8002'03b0       0x8  zf_vector.o [1]
      .text            inited   0x8002'03b8       0x8  zf_vector.o [1]
      .text            inited   0x8002'03c0       0x2  zf_vector.o [1]
      .text            inited   0x8002'03c2       0x2  zf_vector.o [1]
      .text            inited   0x8002'03c4       0x2  zf_vector.o [1]
      .text            inited   0x8002'03c6       0x2  zf_vector.o [1]
      .text            inited   0x8002'03c8       0x2  zf_vector.o [1]
      .text            inited   0x8002'03ca       0x2  zf_vector.o [1]
      .text            inited   0x8002'03cc       0x2  zf_vector.o [1]
      .text            inited   0x8002'03ce       0x2  zf_vector.o [1]
      .text            inited   0x8002'03d0       0x2  zf_vector.o [1]
      .text            inited   0x8002'03d2       0x2  zf_vector.o [1]
      .text            inited   0x8002'03d4       0x2  zf_vector.o [1]
      .text            inited   0x8002'03d6       0x2  zf_vector.o [1]
      .text            inited   0x8002'03d8       0x2  zf_vector.o [1]
      .text            inited   0x8002'03da       0x2  zf_vector.o [1]
      .text            inited   0x8002'03dc       0x2  zf_vector.o [1]
      .text            inited   0x8002'03de       0x2  zf_vector.o [1]
      .text            inited   0x8002'03e0       0x2  zf_vector.o [1]
      .text            inited   0x8002'03e2       0x8  zf_vector.o [1]
      .text            inited   0x8002'03ea       0x8  zf_vector.o [1]
      .text            inited   0x8002'03f2       0x8  zf_vector.o [1]
      .text            inited   0x8002'03fa       0x8  zf_vector.o [1]
      .text            inited   0x8002'0402       0x8  zf_vector.o [1]
      .text            inited   0x8002'040a       0x2  zf_vector.o [1]
      .text            inited   0x8002'040c       0x2  zf_vector.o [1]
      .text            inited   0x8002'040e       0x2  zf_vector.o [1]
      .text            inited   0x8002'0410       0x2  zf_vector.o [1]
      .text            inited   0x8002'0412       0x2  zf_vector.o [1]
      .text            inited   0x8002'0414       0x2  zf_vector.o [1]
      .text            inited   0x8002'0416       0x2  zf_vector.o [1]
      .text            inited   0x8002'0418       0x2  zf_vector.o [1]
      .text            inited   0x8002'041a       0x2  zf_vector.o [1]
      .text            inited   0x8002'041c       0x2  zf_vector.o [1]
      .text            inited   0x8002'041e       0x2  zf_vector.o [1]
      .text            inited   0x8002'0420       0x2  zf_vector.o [1]
      .text            inited   0x8002'0422       0x2  zf_vector.o [1]
      .text            inited   0x8002'0424       0x2  zf_vector.o [1]
      .text            inited   0x8002'0426       0x2  zf_vector.o [1]
      .text            inited   0x8002'0428       0x2  zf_vector.o [1]
      .text            inited   0x8002'042a       0x2  zf_vector.o [1]
      .text            inited   0x8002'042c       0x2  zf_vector.o [1]
      .text            inited   0x8002'042e       0x2  zf_vector.o [1]
      .text            inited   0x8002'0430       0x2  zf_vector.o [1]
      .text            inited   0x8002'0432       0x2  zf_vector.o [1]
      .text            inited   0x8002'0434       0x2  zf_vector.o [1]
      .text            inited   0x8002'0436       0x2  zf_vector.o [1]
      .text            inited   0x8002'0438       0x2  zf_vector.o [1]
      .text            inited   0x8002'043a       0x2  zf_vector.o [1]
      .text            inited   0x8002'043c       0x2  zf_vector.o [1]
      .text            inited   0x8002'043e       0x8  zf_vector.o [1]
      .text            inited   0x8002'0446       0x8  zf_vector.o [1]
      .text            inited   0x8002'044e       0x2  zf_vector.o [1]
      .text            inited   0x8002'0450       0x2  zf_vector.o [1]
      .text            inited   0x8002'0452       0x2  zf_vector.o [1]
      .text            inited   0x8002'0454       0x2  zf_vector.o [1]
      .text            inited   0x8002'0456       0x2  zf_vector.o [1]
      .text            inited   0x8002'0458       0x2  zf_vector.o [1]
      .text            inited   0x8002'045a       0x2  zf_vector.o [1]
      .text            inited   0x8002'045c       0x2  zf_vector.o [1]
      .text            inited   0x8002'045e       0x2  zf_vector.o [1]
      .text            inited   0x8002'0460       0x2  zf_vector.o [1]
      .text            inited   0x8002'0462       0x2  zf_vector.o [1]
      .text            inited   0x8002'0464       0x2  zf_vector.o [1]
      .text            inited   0x8002'0466       0x2  zf_vector.o [1]
      .text            inited   0x8002'0468       0x2  zf_vector.o [1]
      .text            inited   0x8002'046a       0x2  zf_vector.o [1]
      .text            inited   0x8002'046c       0x8  zf_vector.o [1]
      .text            inited   0x8002'0474       0x8  zf_vector.o [1]
      .text            inited   0x8002'047c       0x2  zf_vector.o [1]
      .text            inited   0x8002'047e       0x8  zf_vector.o [1]
      .text            inited   0x8002'0486       0x8  zf_vector.o [1]
      .text            inited   0x8002'048e       0x8  zf_vector.o [1]
      .text            inited   0x8002'0496       0x2  zf_vector.o [1]
      .text            inited   0x8002'0498       0x2  zf_vector.o [1]
      .text            inited   0x8002'049a       0x2  zf_vector.o [1]
      .text            inited   0x8002'049c       0x2  zf_vector.o [1]
      .text            inited   0x8002'049e       0x2  zf_vector.o [1]
      .text            inited   0x8002'04a0       0x2  zf_vector.o [1]
      .text            inited   0x8002'04a2       0x2  zf_vector.o [1]
      .text            inited   0x8002'04a4       0x2  zf_vector.o [1]
      .text            inited   0x8002'04a6       0x2  zf_vector.o [1]
      .text            inited   0x8002'04a8       0x2  zf_vector.o [1]
      .text            inited   0x8002'04aa       0x2  zf_vector.o [1]
      .text            inited   0x8002'04ac       0x2  zf_vector.o [1]
      .text            inited   0x8002'04ae       0x2  zf_vector.o [1]
      .text            inited   0x8002'04b0       0x2  zf_vector.o [1]
      .text            inited   0x8002'04b2       0x2  zf_vector.o [1]
      .text            inited   0x8002'04b4       0x2  zf_vector.o [1]
      .text            inited   0x8002'04b6       0x2  zf_vector.o [1]
      .text            inited   0x8002'04b8       0x2  zf_vector.o [1]
      .text            inited   0x8002'04ba       0x2  zf_vector.o [1]
      .text            inited   0x8002'04bc       0x2  zf_vector.o [1]
      .text            inited   0x8002'04be       0x2  zf_vector.o [1]
      .text            inited   0x8002'04c0       0x2  zf_vector.o [1]
      .text            inited   0x8002'04c2       0x2  zf_vector.o [1]
      .text            inited   0x8002'04c4       0x2  zf_vector.o [1]
      .text            inited   0x8002'04c6       0x2  zf_vector.o [1]
      .text            inited   0x8002'04c8       0x2  zf_vector.o [1]
      .text            inited   0x8002'04ca       0x2  zf_vector.o [1]
      .text            inited   0x8002'04cc       0x2  zf_vector.o [1]
      .text            inited   0x8002'04ce       0x2  zf_vector.o [1]
      .text            inited   0x8002'04d0       0x2  zf_vector.o [1]
      .text            inited   0x8002'04d2       0x2  zf_vector.o [1]
      .text            inited   0x8002'04d4       0x2  zf_vector.o [1]
      .text            inited   0x8002'04d6       0x2  zf_vector.o [1]
      .text            inited   0x8002'04d8       0x2  zf_vector.o [1]
      .text            inited   0x8002'04da       0x2  zf_vector.o [1]
      .text            inited   0x8002'04dc       0x8  zf_vector.o [1]
      .text            inited   0x8002'04e4       0x8  zf_vector.o [1]
      .text            inited   0x8002'04ec       0x8  zf_vector.o [1]
      .text            inited   0x8002'04f4       0x2  zf_vector.o [1]
      .text            inited   0x8002'04f6       0x8  zf_vector.o [1]
      .text            inited   0x8002'04fe       0x2  zf_vector.o [1]
      .text            inited   0x8002'0500       0x2  zf_vector.o [1]
      .text            inited   0x8002'0502       0x2  zf_vector.o [1]
      .text            inited   0x8002'0504       0x2  zf_vector.o [1]
      .text            inited   0x8002'0506       0x2  zf_vector.o [1]
      .text            inited   0x8002'0508       0x8  abs.o [2]
      .text            inited   0x8002'0510       0x4  exit.o [2]
                              - 0x8002'0514  0x2'0114

Unused ranges:

         From           To        Size
         ----           --        ----
  0x2000'0245  0x2000'0247         0x3
  0x2001'6558  0x2006'efff    0x5'8aa8
  0x2021'2c00  0x2027'ffff    0x6'd400
  0x7001'403e  0x703f'ffff   0x3e'bfc2
  0x8000'0000  0x8000'03ff       0x400
  0x8002'0514  0x81df'ffff  0x1dd'faec


*******************************************************************************
*** INIT TABLE
***

          Address      Size
          -------      ----
Zero (__iar_zero_init3)
    3 destination ranges, total size 0x2'8ed8:
          0x2000'0280    0xbc20
          0x2000'bea0    0xa6b8
          0x2020'0000  0x1'2c00

Copy/lz77 (__iar_lz77_init3)
    1 source range, total size 0x1'15d6 (54% of destination):
          0x7000'295a  0x1'15d6
    1 destination range, total size 0x2'0114:
          0x8000'0400  0x2'0114

Copy/lz77 (__iar_lz77_init3)
    1 source range, total size 0x10e (46% of destination):
          0x7001'3f30     0x10e
    1 destination range, total size 0x245:
          0x2000'0000     0x245



*******************************************************************************
*** MODULE SUMMARY
***

    Module                              ro code  rw code  ro data  rw data
    ------                              -------  -------  -------  -------
command line/config:
    ----------------------------------------------------------------------
    Total:

C:\Users\ASUS\Desktop\AI_Vision\Project\IAR\program\nor_sdram_zf_dtcm\Obj: [1]
    Bluetooth.o                                      204      110       56
    CH455.o                                          898      486
    Encoder.o                                         84       45
    Flash.o                                        2'672    1'539      400
    FuzzyControl.o                                 2'212    1'276      166
    Image.o                                       34'746   18'881   40'980
    Matrix_Keyboard.o                              7'910    4'690      797
    Motor.o                                          968      533      112
    Pid.o                                            240      130
    SEEKFREE_18TFT.o                               2'042    1'176      128
    SEEKFREE_FONT.o                                           823    1'520
    SEEKFREE_MT9V03X.o                               284      154   22'566
    SEEKFREE_MT9V03X_CSI.o                           388      242   25'730
    SEEKFREE_PRINTF.o                                976      528
    SEEKFREE_SCC8660.o                                84       46   76'804
    Servo.o                                          136       74       44
    board.o                                          740      401
    clock_config.o                                 1'780    1'032      124
    common.o                                          16        9        1
    evkmimxrt1064_flexspi_nor_config.o                        512
    evkmimxrt1064_sdram_ini_dcd.o                           1'072
    fsl_assert.o                                      28       40       44
    fsl_cache.o                                       80       43
    fsl_clock.o                                    1'972    1'127      116
    fsl_csi.o                                      1'576      990      260
    fsl_debug_console.o                              252      202      152
    fsl_edma.o                                     1'100      658      244
    fsl_enet.o                                       232      206      176
    fsl_flexcan.o                                    152      164      172
    fsl_flexio.o                                     100       54       24
    fsl_flexio_camera.o                               60       33
    fsl_flexspi_nor_boot.o                                     48
    fsl_gpio.o                                       530      445      292
    fsl_gpt.o                                        560      510      380
    fsl_lpi2c.o                                      144       78       48
    fsl_lpspi.o                                    2'896    1'793      452
    fsl_lpuart.o                                   2'616    1'662      492
    fsl_pit.o                                        324      308      246
    fsl_pwm.o                                      2'720    1'712      440
    fsl_qtmr.o                                       452      392      272
    fsl_sai.o                                        312      236      164
    fsl_sdmmc_event.o                                 16        9        4
    fsl_spdif.o                                       68       36       16
    fsl_str.o                                      2'404    1'302
    fsl_usdhc.o                                       48       33       28
    init.o                                           304      166
    isr.o                                            524      284
    lpuart_adapter.o                                 112      142      152
    main.o                                           448      243
    openart.o                                        966      523      222
    serial_manager.o                                 224      195      136
    serial_port_uart.o                               100      128      136
    startup_MIMXRT1064.o                    108
    system_MIMXRT1064.o                     394                 2        4
    usb_device_dci.o                                 378      204
    usb_device_ehci.o                              1'504      816
    zf_camera.o                                       44       24       28
    zf_csi.o                                         884      571      204
    zf_flash.o                                       476      327      648
    zf_gpio.o                                        524      366      156
    zf_iomuxc.o                                   27'312   14'881      168
    zf_pit.o                                         352      253      116
    zf_pwm.o                                       2'020    1'142       92
    zf_qtimer.o                                    1'896    1'077       96
    zf_rom_api.o                                     124       67        4
    zf_spi.o                                       2'180    1'289      204
    zf_systick.o                                     336      276      173
    zf_uart.o                                      1'248      732      108
    zf_usb_cdc.o                                      32       17       16
    zf_vector.o                                      582    1'339
    ----------------------------------------------------------------------
    Total:                                  502  117'592   70'904  176'113

dl7M_tln.a: [2]
    abort.o                                   6
    abs.o                                              8        4
    exit.o                                             4        3
    low_level_init.o                          4
    ----------------------------------------------------------------------
    Total:                                   10       12        7

m7M_tlv.a: [3]
    DblToS64.o                                        92       51
    S64ToDbl.o                                        82       44
    cos_sin64.o                                      756      410
    fpinit_M.o                               34
    frexp.o                                          124       67
    iar_Exp64.o                                      872      474
    ldexp.o                                          240      130
    modf.o                                           158       87
    pow64.o                                        1'388    1'323    1'056
    sqrt.o                                            30       16
    ----------------------------------------------------------------------
    Total:                                   34    3'742    2'602    1'056

rt7M_tl.a: [4]
    ABImemcpy.o                                      166       91
    ABImemset.o                                      102       56
    I64DivMod.o                                      628      342
    I64DivZer.o                                        2        2
    cexit.o                                           10        5
    cmain.o                                  30
    cstartup_M.o                             12
    data_init.o                              40
    lz77_init.o                             492
    strcmp.o                                          18       10
    strlen.o                                          54       29
    vector_table_M.o                         64
    zero_init3.o                             58
    ----------------------------------------------------------------------
    Total:                                  696      980      535

shb_l.a: [5]
    exit.o                                   20
    ----------------------------------------------------------------------
    Total:                                   20

    Gaps                                      2       30        2       36
    Linker created                           16        8       92    4'096
--------------------------------------------------------------------------
    Grand Total:                          1'280  122'364   74'142  181'301


*******************************************************************************
[...]
cross_handle            0x8000'cd9d   0x2d4  Code  Gb  Image.o [1]
cross_judge             0x8000'c865   0x538  Code  Gb  Image.o [1]
csi_add_empty_buffer    0x8001'6031    0x12  Code  Gb  zf_csi.o [1]
csi_g_lpuartHandle      0x2001'6298    0x30  Data  Gb  SEEKFREE_MT9V03X_CSI.o [1]
csi_get_full_buffer     0x8001'6043    0x1c  Code  Gb  zf_csi.o [1]
csi_handle              0x2001'6318    0x1c  Data  Gb  zf_csi.o [1]
csi_init                0x8001'5ebd   0x174  Code  Gb  zf_csi.o [1]
csi_iomuxc              0x8001'5e01    0xbc  Code  Gb  zf_csi.o [1]
csi_isr                 0x8001'4e79    0x52  Code  Gb  SEEKFREE_MT9V03X_CSI.o [1]
csi_mt9v03x_uart_callback
                        0x8001'4e2f    0x4a  Code  Gb  SEEKFREE_MT9V03X_CSI.o [1]
csi_receivexfer         0x2001'6290     0x8  Data  Gb  SEEKFREE_MT9V03X_CSI.o [1]
csi_rx_buffer           0x2001'628c     0x1  Data  Gb  SEEKFREE_MT9V03X_CSI.o [1]
csi_start               0x8001'605f     0xe  Code  Gb  zf_csi.o [1]
data_init               0x8001'19cb    0x66  Code  Gb  init.o [1]
dataf_set               0x8000'3db7    0x2a  Code  Gb  Flash.o [1]
dcd_data                0x7000'1030   0x430  Data  Gb  evkmimxrt1064_sdram_ini_dcd.o [1]
dma_restart             0x8001'5cfd    0x14  Code  Gb  zf_camera.o [1]
edge                    0x8000'9c39     0xc  Code  Gb  Image.o [1]
edge_show               0x8000'9c45   0x104  Code  Gb  Image.o [1]
end_line                0x2000'0244     0x1  Data  Gb  Image.o [1]
exit                    0x8002'0511     0x4  Code  Gb  exit.o [2]
exposure_time           0x2000'c166     0x2  Data  Gb  Image.o [1]
find_breakpoint         0x8000'a141   0x15a  Code  Gb  Image.o [1]
find_breakpoint_up      0x8000'a29b   0x210  Code  Gb  Image.o [1]
find_lost_line          0x8000'a4ab   0x270  Code  Gb  Image.o [1]
flash_erase_sector      0x8001'6091    0x3c  Code  Gb  zf_flash.o [1]
flash_init              0x8001'6227    0x24  Code  Gb  zf_flash.o [1]
flash_page_program      0x8001'60cd    0xbe  Code  Gb  zf_flash.o [1]
flash_read_page         0x8001'618b    0x9c  Code  Gb  zf_flash.o [1]
flexio_camera_type      0x2000'bed8     0x1  Data  Gb  common.o [1]
flexio_flag_clear       0x8001'5cf1     0xc  Code  Gb  zf_camera.o [1]
fork_handle             0x8000'faeb   0x1a8  Code  Gb  Image.o [1]
fork_judge              0x8000'f08d   0xa5e  Code  Gb  Image.o [1]
fork_num                0x2000'c190     0x1  Data  Gb  Image.o [1]
frexp                   0x8002'0031          Code  Gb  frexp.o [3]
frexpl                  0x8002'0031          Code  Gb  frexp.o [3]
front_art_IRQHandle     0x8001'4221    0x80  Code  Gb  openart.o [1]
front_art_IRQHandle::data_buffer_f
                        0x2001'625c     0x8  Data  Lc  openart.o [1]
front_art_IRQHandle::data_cnt_f
                        0x2001'6264     0x1  Data  Lc  openart.o [1]
front_art_IRQHandle::data_state_f
                        0x2001'6265     0x1  Data  Lc  openart.o [1]
front_art_data          0x2001'619c     0x8  Data  Gb  openart.o [1]
front_art_lpuartHandle  0x2001'61b4    0x30  Data  Gb  openart.o [1]
front_art_receivexfer   0x2001'61e4     0x8  Data  Gb  openart.o [1]
front_data_info         0x8001'43a1    0x6c  Code  Gb  openart.o [1]
fullCameraBufferAddr    0x2001'6334     0x4  Data  Gb  zf_csi.o [1]
g_eventTimeMilliseconds
                        0x2000'c140     0x4  Data  Gb  fsl_sdmmc_event.o [1]
g_lpspiDummyData        0x2000'c0e8     0x8  Data  Gb  fsl_lpspi.o [1]
g_rtcXtalFreq           0x2000'bfa8     0x4  Data  Gb  fsl_clock.o [1]
g_serialHandle          0x2000'bfd0     0x4  Data  Gb  fsl_debug_console.o [1]
g_xtalFreq              0x2000'bfa4     0x4  Data  Gb  fsl_clock.o [1]
gama                    0x2000'c16c     0x4  Data  Gb  Image.o [1]
garage_handle           0x8000'c7e9    0x6e  Code  Gb  Image.o [1]
garage_judge            0x8000'b935   0xeaa  Code  Gb  Image.o [1]
garage_out              0x8000'b711   0x1fe  Code  Gb  Image.o [1]
get_config              0x8001'4d97    0x66  Code  Gb  SEEKFREE_MT9V03X.o [1]
get_endline             0x8000'96d1   0x198  Code  Gb  Image.o [1]
gpio_get                0x8001'63cb    0x1e  Code  Gb  zf_gpio.o [1]
gpio_init               0x8001'631d    0x6c  Code  Gb  zf_gpio.o [1]
gpio_interrupt_init     0x8001'6407    0x60  Code  Gb  zf_gpio.o [1]
gpio_set                0x8001'6389    0x42  Code  Gb  zf_gpio.o [1]
gpio_toggle             0x8001'63e9    0x1e  Code  Gb  zf_gpio.o [1]
gpt_init                0x8001'e959    0x36  Code  Gb  zf_systick.o [1]
gpt_init_flag           0x2001'6544     0x1  Data  Lc  zf_systick.o [1]
huandao_judge_continuity
                        0x8000'fc99    0x5e  Code  Gb  Image.o [1]
image                   0x2000'c2e0  0x3200  Data  Gb  Image.o [1]
image_LRoffset          0x2000'c168     0x2  Data  Gb  Image.o [1]
image_gain              0x2000'c164     0x2  Data  Gb  Image.o [1]
image_hanldle           0x8000'9f75   0x198  Code  Gb  Image.o [1]
image_midline_get       0x8000'9869   0x326  Code  Gb  Image.o [1]
image_s                 0x2001'5e1c     0x8  Data  Gb  Image.o [1]
image_show              0x8000'9d69   0x1dc  Code  Gb  Image.o [1]
image_vector_table      0x7000'1000    0x20  Data  Gb  fsl_flexspi_nor_boot.o [1]
instance                0x2000'0240     0x4  Data  Gb  zf_flash.o [1]
iomuxc_pinconf          0x8001'6505  0x694c  Code  Gb  zf_iomuxc.o [1]
key_get_parm            0x8001'1e91   0x232  Code  Gb  Matrix_Keyboard.o [1]
key_init                0x8001'19a1    0x2a  Code  Gb  init.o [1]
key_value               0x8000'1a80     0xc  Data  Gb  Matrix_Keyboard.o [1]
lap_cnt                 0x2000'c18c     0x1  Data  Gb  Image.o [1]
last_start_point        0x2001'5de0     0x2  Data  Gb  Image.o [1]
lcd_clear               0x8001'462d    0x38  Code  Gb  SEEKFREE_18TFT.o [1]
lcd_init                0x8001'4665   0x280  Code  Gb  SEEKFREE_18TFT.o [1]
lcd_set_region          0x8001'457f    0xae  Code  Gb  SEEKFREE_18TFT.o [1]
lcd_showchar            0x8001'48e5    0x88  Code  Gb  SEEKFREE_18TFT.o [1]
lcd_showfloat           0x8001'4ba9    0xd6  Code  Gb  SEEKFREE_18TFT.o [1]
lcd_showint16           0x8001'4a4b    0xdc  Code  Gb  SEEKFREE_18TFT.o [1]
lcd_showint32           0x8001'4b27    0x80  Code  Gb  SEEKFREE_18TFT.o [1]
lcd_showint8            0x8001'49a3    0xa8  Code  Gb  SEEKFREE_18TFT.o [1]
lcd_showstr             0x8001'496d    0x36  Code  Gb  SEEKFREE_18TFT.o [1]
lcd_writeData           0x8001'452b    0x22  Code  Gb  SEEKFREE_18TFT.o [1]
lcd_writeIndex          0x8001'4509    0x22  Code  Gb  SEEKFREE_18TFT.o [1]
lcd_writedata_16bit     0x8001'454d    0x32  Code  Gb  SEEKFREE_18TFT.o [1]
ldexp                   0x8002'00ad          Code  Gb  ldexp.o [3]
ldexpl                  0x8002'00ad          Code  Gb  ldexp.o [3]
left_art_IRQHandle      0x8001'42a1    0x80  Code  Gb  openart.o [1]
left_art_IRQHandle::data_buffer_l
                        0x2001'6268     0x8  Data  Lc  openart.o [1]
left_art_IRQHandle::data_cnt_l
                        0x2001'6270     0x1  Data  Lc  openart.o [1]
left_art_IRQHandle::data_state_l
                        0x2001'6271     0x1  Data  Lc  openart.o [1]
left_art_data           0x2001'61a4     0x8  Data  Gb  openart.o [1]
left_art_lpuartHandle   0x2001'61ec    0x30  Data  Gb  openart.o [1]
left_art_receivexfer    0x2001'621c     0x8  Data  Gb  openart.o [1]
left_boder              0x2001'5de4    0x1c  Data  Gb  Image.o [1]
line_init               0x8000'9f45    0x26  Code  Gb  Image.o [1]
line_pingyi             0x8001'0c65    0xc4  Code  Gb  Image.o [1]
lnbias                  0x8000'0400   0x420  Data  Lc  pow64.o [3]
m_boot_hdr_conf_start {Abs}
                        0x7000'0000          Data  Gb  <internal module>
main                    0x8001'1d0b   0x138  Code  Gb  main.o [1]
matchline               0x8001'1659    0xe4  Code  Gb  Image.o [1]
modf                    0x8001'f3a5          Code  Gb  modf.o [3]
modfl                   0x8001'f3a5          Code  Gb  modf.o [3]
motor                   0x2001'6148    0x24  Data  Gb  Motor.o [1]
motor_init              0x8001'3d79    0x38  Code  Gb  Motor.o [1]
msg_status              0x2001'6118     0x8  Data  Gb  Matrix_Keyboard.o [1]
mt9v03x_csi1_image      0x2000'0280  0x3200  Data  Gb  SEEKFREE_MT9V03X_CSI.o [1]
mt9v03x_csi2_image      0x2000'3480  0x3200  Data  Gb  SEEKFREE_MT9V03X_CSI.o [1]
mt9v03x_csi_finish_flag
                        0x2001'62c8     0x1  Data  Gb  SEEKFREE_MT9V03X_CSI.o [1]
mt9v03x_csi_image       0x2001'6288     0x4  Data  Gb  SEEKFREE_MT9V03X_CSI.o [1]
mt9v03x_csi_init        0x8001'4ecb    0x98  Code  Gb  SEEKFREE_MT9V03X_CSI.o [1]
mt9v03x_image           0x2000'6680  0x5820  Data  Gb  SEEKFREE_MT9V03X.o [1]
mt9v03x_vsync           0x8001'4dfd    0x14  Code  Gb  SEEKFREE_MT9V03X.o [1]
new_value               0x2001'6122     0x2  Data  Gb  Matrix_Keyboard.o [1]
number_conversion_ascii
                        0x8001'4fa5    0x84  Code  Gb  SEEKFREE_PRINTF.o [1]
old_value               0x2001'6120     0x2  Data  Gb  Matrix_Keyboard.o [1]
oled_menu               0x2001'610c     0xc  Data  Gb  Matrix_Keyboard.o [1]
openart_init            0x8001'416d    0xb2  Code  Gb  openart.o [1]
option                  0x2001'6538     0x8  Data  Gb  zf_flash.o [1]
parameter_init          0x8000'3de1   0x128  Code  Gb  Flash.o [1]
pic_info                0x2001'5e24     0xc  Data  Gb  Image.o [1]
pid_inc_l               0x2001'616c    0x18  Data  Gb  Motor.o [1]
pid_inc_r               0x2001'6184    0x18  Data  Gb  Motor.o [1]
pit_init                0x8001'd017    0x22  Code  Gb  zf_pit.o [1]
pit_interrupt           0x8001'd039    0x3e  Code  Gb  zf_pit.o [1]
pow                     0x8001'f445   0x518  Code  Gb  pow64.o [3]
powl                    0x8001'f445   0x518  Code  Gb  pow64.o [3]
printf_reverse_order    0x8001'5029    0x24  Code  Gb  SEEKFREE_PRINTF.o [1]
pwm_duty                0x8001'd7cb    0x94  Code  Gb  zf_pwm.o [1]
pwm_init                0x8001'd5dd   0x1ee  Code  Gb  zf_pwm.o [1]
pwm_iomuxc              0x8001'd0d5   0x508  Code  Gb  zf_pwm.o [1]
qspiflash_config        0x7000'0000   0x200  Data  Gb  evkmimxrt1064_flexspi_nor_config.o [1]
qtimer_iomuxc           0x8001'd89d   0x628  Code  Gb  zf_qtimer.o [1]
qtimer_quad_clear       0x8001'df97    0x30  Code  Gb  zf_qtimer.o [1]
qtimer_quad_get         0x8001'df67    0x30  Code  Gb  zf_qtimer.o [1]
qtimer_quad_init        0x8001'dec5    0xa2  Code  Gb  zf_qtimer.o [1]
receive                 0x2001'6280     0x4  Data  Gb  SEEKFREE_MT9V03X.o [1]
receive_num             0x2001'6284     0x1  Data  Gb  SEEKFREE_MT9V03X.o [1]
right_art_IRQHandle     0x8001'4321    0x80  Code  Gb  openart.o [1]
right_art_IRQHandle::data_buffer_r
                        0x2001'6274     0x8  Data  Lc  openart.o [1]
right_art_IRQHandle::data_cnt_r
                        0x2001'627c     0x1  Data  Lc  openart.o [1]
right_art_IRQHandle::data_state_r
                        0x2001'627d     0x1  Data  Lc  openart.o [1]
right_art_data          0x2001'61ac     0x8  Data  Gb  openart.o [1]
right_art_lpuartHandle  0x2001'6224    0x30  Data  Gb  openart.o [1]
right_art_receivexfer   0x2001'6254     0x8  Data  Gb  openart.o [1]
right_boder             0x2001'5e00    0x1c  Data  Gb  Image.o [1]
rom_api_entry           0x2001'6540     0x4  Data  Lc  zf_rom_api.o [1]
rom_api_flexspi_nor_flash_erase
                        0x8001'e023    0x26  Code  Gb  zf_rom_api.o [1]
rom_api_flexspi_nor_flash_page_program
                        0x8001'dfe3    0x26  Code  Gb  zf_rom_api.o [1]
rom_api_flexspi_nor_get_config
                        0x8001'e009    0x1a  Code  Gb  zf_rom_api.o [1]
rom_api_init            0x8001'dfd5     0xe  Code  Gb  zf_rom_api.o [1]
rule_Casu               0x2000'00c8    0x64  Data  Gb  FuzzyControl.o [1]
s_EDMAHandle            0x2000'bfd4    0x80  Data  Lc  fsl_edma.o [1]
s_ENETHandle            0x2000'c054     0xc  Data  Lc  fsl_enet.o [1]
s_FlexioCameraDevice    0x2001'62fc    0x1c  Data  Lc  zf_camera.o [1]
s_LpuartAdapterBase     0x8000'1778    0x24  Data  Lc  lpuart_adapter.o [1]
s_baudratePrescaler     0x8000'105c     0x8  Data  Lc  fsl_lpspi.o [1]
s_cdcVcom               0x2001'6548    0x10  Data  Gb  zf_usb_cdc.o [1]
s_csiBases              0x8000'0a28     0x4  Data  Lc  fsl_csi.o [1]
s_csiClocks             0x8002'01ae     0x2  Data  Lc  fsl_csi.o [1]
s_csiHandle             0x2000'bfac     0x4  Data  Lc  fsl_csi.o [1]
s_csiIRQ                0x8002'01b0     0x2  Data  Lc  fsl_csi.o [1]
s_csiIsr                0x2000'bfb0     0x4  Data  Lc  fsl_csi.o [1]
s_debugConsoleState     0x2000'bfb4    0x1c  Data  Lc  fsl_debug_console.o [1]
s_enetBases             0x8000'0ba0     0xc  Data  Lc  fsl_enet.o [1]
s_enetErrIsr            0x2000'c068     0x4  Data  Lc  fsl_enet.o [1]
s_enetRxIsr             0x2000'c064     0x4  Data  Lc  fsl_enet.o [1]
s_enetTsIsr             0x2000'c06c     0x4  Data  Lc  fsl_enet.o [1]
s_enetTxIsr             0x2000'c060     0x4  Data  Lc  fsl_enet.o [1]
s_flexcanHandle         0x2000'c070    0x10  Data  Lc  fsl_flexcan.o [1]
s_flexcanIsr            0x2000'c080     0x4  Data  Lc  fsl_flexcan.o [1]
s_flexioHandle          0x2000'c084     0x8  Data  Lc  fsl_flexio.o [1]
s_flexioIsr             0x2000'c094     0x8  Data  Lc  fsl_flexio.o [1]
s_flexioType            0x2000'c08c     0x8  Data  Lc  fsl_flexio.o [1]
s_gpioBases             0x8000'0d34    0x28  Data  Lc  fsl_gpio.o [1]
s_gpioClock             0x8000'0d5c     0xc  Data  Lc  fsl_gpio.o [1]
s_gptBases              0x8000'0ed0     0xc  Data  Lc  fsl_gpt.o [1]
s_gptClocks             0x8000'0edc     0x8  Data  Lc  fsl_gpt.o [1]
s_lpi2cMasterHandle     0x2000'c0a0    0x14  Data  Lc  fsl_lpi2c.o [1]
s_lpi2cMasterIsr        0x2000'c09c     0x4  Data  Lc  fsl_lpi2c.o [1]
s_lpi2cSlaveHandle      0x2000'c0b8    0x14  Data  Lc  fsl_lpi2c.o [1]
s_lpi2cSlaveIsr         0x2000'c0b4     0x4  Data  Lc  fsl_lpi2c.o [1]
s_lpspiBases            0x8000'1064    0x14  Data  Lc  fsl_lpspi.o [1]
s_lpspiClocks           0x8000'1078     0xc  Data  Lc  fsl_lpspi.o [1]
s_lpspiHandle           0x2000'c0cc    0x14  Data  Lc  fsl_lpspi.o [1]
s_lpspiMasterIsr        0x2000'c0e0     0x4  Data  Lc  fsl_lpspi.o [1]
s_lpspiSlaveIsr         0x2000'c0e4     0x4  Data  Lc  fsl_lpspi.o [1]
s_lpuartBases           0x8000'11fc    0x24  Data  Lc  fsl_lpuart.o [1]
s_lpuartClock           0x8000'1234    0x14  Data  Lc  fsl_lpuart.o [1]
s_lpuartHandle          0x2000'c0f0    0x24  Data  Lc  fsl_lpuart.o [1]
s_lpuartIRQ             0x8000'1220    0x14  Data  Lc  fsl_lpuart.o [1]
s_lpuartIsr             0x2000'c114     0x4  Data  Lc  fsl_lpuart.o [1]
s_pitBases              0x8000'1338     0x4  Data  Lc  fsl_pit.o [1]
s_pitClocks             0x8002'01b2     0x2  Data  Lc  fsl_pit.o [1]
s_pwmBases              0x8000'14b8    0x14  Data  Lc  fsl_pwm.o [1]
s_pwmClocks             0x8000'14cc    0x28  Data  Lc  fsl_pwm.o [1]
s_qtmrBases             0x8000'15e4    0x14  Data  Lc  fsl_qtmr.o [1]
s_qtmrClocks            0x8000'15f8     0xc  Data  Lc  fsl_qtmr.o [1]
s_saiHandle             0x2000'c118    0x20  Data  Lc  fsl_sai.o [1]
s_saiRxIsr              0x2000'c13c     0x4  Data  Lc  fsl_sai.o [1]
s_saiTxIsr              0x2000'c138     0x4  Data  Lc  fsl_sai.o [1]
s_spdifHandle           0x2000'c144     0x8  Data  Lc  fsl_spdif.o [1]
s_spdifRxIsr            0x2000'c150     0x4  Data  Lc  fsl_spdif.o [1]
s_spdifTxIsr            0x2000'c14c     0x4  Data  Lc  fsl_spdif.o [1]
s_usdhcBase             0x8000'1680     0xc  Data  Lc  fsl_usdhc.o [1]
s_usdhcHandle           0x2000'c154     0xc  Data  Lc  fsl_usdhc.o [1]
s_usdhcIsr              0x2000'c160     0x4  Data  Lc  fsl_usdhc.o [1]
scalbln                 0x8002'00ad          Code  Gb  ldexp.o [3]
scalblnl                0x8002'00ad          Code  Gb  ldexp.o [3]
scalbn                  0x8002'00ad          Code  Gb  ldexp.o [3]
scalbnl                 0x8002'00ad          Code  Gb  ldexp.o [3]
scc8660_flexio1_image   0x2020'0000  0x9600  Data  Gb  SEEKFREE_SCC8660.o [1]
scc8660_flexio2_image   0x2020'9600  0x9600  Data  Gb  SEEKFREE_SCC8660.o [1]
scc8660_image           0x2001'62cc     0x4  Data  Gb  SEEKFREE_SCC8660.o [1]
scc8660_vsync           0x8001'5389    0x2e  Code  Gb  SEEKFREE_SCC8660.o [1]
servo_control           0x8001'5529    0x5c  Code  Gb  Servo.o [1]
servo_init              0x8001'550d    0x1c  Code  Gb  Servo.o [1]
servo_pid               0x2001'62e4    0x18  Data  Gb  Servo.o [1]
set_config              0x8001'4d19    0x7e  Code  Gb  SEEKFREE_MT9V03X.o [1]
show_type               0x2001'6138     0x1  Data  Gb  Matrix_Keyboard.o [1]
sin                     0x8001'fca1     0x4  Code  Gb  cos_sin64.o [3]
sinl                    0x8001'fca1     0x4  Code  Gb  cos_sin64.o [3]
sobel                   0x8000'9169   0x568  Code  Gb  Image.o [1]
speed_get               0x8000'3545    0x36  Code  Gb  Encoder.o [1]
spi_init                0x8001'e6b1   0x172  Code  Gb  zf_spi.o [1]
spi_iomuxc              0x8001'e181   0x52c  Code  Gb  zf_spi.o [1]
spi_mosi                0x8001'e823    0x86  Code  Gb  zf_spi.o [1]
sqrt                    0x8001'fca5          Code  Gb  sqrt.o [3]
sqrtl                   0x8001'fca5          Code  Gb  sqrt.o [3]
start_point             0x2001'5d40    0xa0  Data  Gb  Image.o [1]
strcmp                  0x8001'ef25          Code  Gb  strcmp.o [4]
strlen                  0x8001'f2bd          Code  Gb  strlen.o [4]
systick_delay           0x8001'e98f    0x36  Code  Gb  zf_systick.o [1]
systick_delay_ms        0x8001'e9c5    0x24  Code  Gb  zf_systick.o [1]
systick_getval          0x8001'ea05     0xa  Code  Gb  zf_systick.o [1]
systick_start           0x8001'e9e9    0x1c  Code  Gb  zf_systick.o [1]
tft_Show                0x8001'3c19    0x2a  Code  Gb  Matrix_Keyboard.o [1]
tft_ascii               0x8000'1b0c   0x5f0  Data  Gb  SEEKFREE_FONT.o [1]
track_again_CrossIn     0x8000'fd4d   0x598  Code  Gb  Image.o [1]
track_again_cross       0x8000'd089   0x5ca  Code  Gb  Image.o [1]
track_again_fork        0x8001'02e5   0x2ec  Code  Gb  Image.o [1]
track_again_huandao     0x8001'05f9   0x594  Code  Gb  Image.o [1]
track_again_tuzi        0x8000'ac83   0x586  Code  Gb  Image.o [1]
track_cross_l           0x2001'5f7c    0xa0  Data  Gb  Image.o [1]
track_cross_r           0x2001'601c    0xa0  Data  Gb  Image.o [1]
track_l                 0x2001'5e3c    0xa0  Data  Gb  Image.o [1]
track_r                 0x2001'5edc    0xa0  Data  Gb  Image.o [1]
true_pingyi             0x8001'0b95    0xd0  Code  Gb  Image.o [1]
uart_getchar            0x8001'ee5b    0x2a  Code  Gb  zf_uart.o [1]
uart_init               0x8001'eda9    0x6e  Code  Gb  zf_uart.o [1]
uart_iomuxc             0x8001'ea5b   0x34e  Code  Gb  zf_uart.o [1]
uart_putbuff            0x8001'ee3f    0x1c  Code  Gb  zf_uart.o [1]
uart_putchar            0x8001'ee17    0x28  Code  Gb  zf_uart.o [1]
uart_receive_flag       0x2001'6285     0x1  Data  Gb  SEEKFREE_MT9V03X.o [1]
uart_rx_irq             0x8001'ee85    0x36  Code  Gb  zf_uart.o [1]
uart_set_handle         0x8001'eebb    0x3c  Code  Gb  zf_uart.o [1]
world_image_show        0x8001'17ef    0x88  Code  Gb  Image.o [1]
xy_image                0x2000'f4e0  0x6400  Data  Gb  Image.o [1]
zf_sprintf              0x8001'504d   0x316  Code  Gb  SEEKFREE_PRINTF.o [1]
zigbee_IRQHandle        0x8000'2771    0x48  Code  Gb  Bluetooth.o [1]
zigbee_init             0x8000'2731    0x3e  Code  Gb  Bluetooth.o [1]
zigbee_lpuartHandle     0x2000'bea0    0x30  Data  Gb  Bluetooth.o [1]
zigbee_receivexfer      0x2000'bed0     0x8  Data  Gb  Bluetooth.o [1]


[1] = C:\Users\ASUS\Desktop\AI_Vision\Project\IAR\program\nor_sdram_zf_dtcm\Obj
[2] = dl7M_tln.a
[3] = m7M_tlv.a
[4] = rt7M_tl.a
[5] = shb_l.a

    1'280 bytes of readonly  code memory
  122'364 bytes of readwrite code memory
   74'142 bytes of readonly  data memory
  181'301 bytes of readwrite data memory

Errors: none
Warnings: none
